#
# A fatal error has been detected by the Java Runtime Environment:
#
#  EXCEPTION_ACCESS_VIOLATION (0xc0000005) at pc=0x00007ffcdf7f853e, pid=1940, tid=11424
#
# JRE version: OpenJDK Runtime Environment Temurin-21.0.3+9 (21.0.3+9) (build 21.0.3+9-LTS)
# Java VM: OpenJDK 64-Bit Server VM Temurin-21.0.3+9 (21.0.3+9-LTS, mixed mode, emulated-client, tiered, compressed oops, compressed class ptrs, g1 gc, windows-amd64)
# Problematic frame:
# V  [jvm.dll+0x31853e]
#
# No core dump will be written. Minidumps are not enabled by default on client versions of Windows
#
# If you would like to submit a bug report, please visit:
#   https://github.com/adoptium/adoptium-support/issues
#

---------------  S U M M A R Y ------------

Command Line: -XX:+ShowCodeDetailsInExceptionMessages -agentlib:jdwp=transport=dt_socket,suspend=y,address=localhost:57207 -Dcom.sun.management.jmxremote -Dcom.sun.management.jmxremote.port=57206 -Dcom.sun.management.jmxremote.authenticate=false -Dcom.sun.management.jmxremote.ssl=false -Djava.rmi.server.hostname=localhost -Dspring.jmx.enabled=true -Dmanagement.endpoints.jmx.exposure.include=* -Dspring.application.admin.enabled=true -XX:TieredStopAtLevel=1 -Dspring.boot.project.name=poc-authentication-services -javaagent:D:\workspace\ferramentas\sts-4.23.1.RELEASE\configuration\org.eclipse.osgi\270\0\.cp\lib\javaagent-shaded.jar -Dfile.encoding=UTF-8 -Dstdout.encoding=UTF-8 -Dstderr.encoding=UTF-8 br.com.studies.PocAuthenticationServicesApplication --spring.output.ansi.enabled=always

Host: Intel(R) Core(TM) i7-8750H CPU @ 2.20GHz, 12 cores, 31G,  Windows 11 , 64 bit Build 22000 (10.0.22000.2538)
Time: Wed Mar 12 16:22:00 2025 Hora oficial do Brasil elapsed time: 6291.656853 seconds (0d 1h 44m 51s)

---------------  T H R E A D  ---------------

Current thread (0x000001acd48a6b90):  WorkerThread "GC Thread#8"    [id=11424, stack(0x0000005a6be00000,0x0000005a6bf00000) (1024K)]

Stack: [0x0000005a6be00000,0x0000005a6bf00000],  sp=0x0000005a6befe020,  free space=1016k
Native frames: (J=compiled Java code, j=interpreted, Vv=VM code, C=native code)
V  [jvm.dll+0x31853e]
V  [jvm.dll+0x33e229]
V  [jvm.dll+0x33e192]
V  [jvm.dll+0x312f5b]
V  [jvm.dll+0x3129ad]
V  [jvm.dll+0x3eace5]
V  [jvm.dll+0x84c2f6]
V  [jvm.dll+0x855c91]
V  [jvm.dll+0x36310a]
V  [jvm.dll+0x3631c4]
V  [jvm.dll+0x342b33]
V  [jvm.dll+0x8cf697]
V  [jvm.dll+0x84bf8b]
V  [jvm.dll+0x6c6dcd]
C  [ucrtbase.dll+0x26c0c]
C  [KERNEL32.DLL+0x153e0]
C  [ntdll.dll+0x485b]

JavaThread 0x000001acd54d72e0 (nid = 3636) was being processed
Java frames: (J=compiled Java code, j=interpreted, Vv=VM code)
j  java.lang.invoke.LambdaForm$DMH+0x00000008002b4000.invokeVirtual(Ljava/lang/Object;Ljava/lang/Object;Ljava/lang/Object;)Ljava/lang/Object;+11 java.base@21.0.3
J 9519 c1 java.lang.invoke.LambdaForm$MH+0x0000000800280000.invoke(Ljava/lang/Object;Ljava/lang/Object;Ljava/lang/Object;)Ljava/lang/Object; java.base@21.0.3 (56 bytes) @ 0x000001acc041bed4 [0x000001acc041bd60+0x0000000000000174]
J 4453 c1 jdk.internal.reflect.DirectMethodHandleAccessor.invoke(Ljava/lang/Object;[Ljava/lang/Object;)Ljava/lang/Object; java.base@21.0.3 (92 bytes) @ 0x000001acc0041b7c [0x000001acc00417c0+0x00000000000003bc]
J 4591 c1 java.lang.reflect.Method.invoke(Ljava/lang/Object;[Ljava/lang/Object;)Ljava/lang/Object; java.base@21.0.3 (108 bytes) @ 0x000001acc007c974 [0x000001acc007c780+0x00000000000001f4]
j  org.springframework.aop.support.AopUtils.invokeJoinpointUsingReflection(Ljava/lang/Object;Ljava/lang/reflect/Method;[Ljava/lang/Object;)Ljava/lang/Object;+29
j  org.springframework.aop.framework.CglibAopProxy$DynamicAdvisedInterceptor.intercept(Ljava/lang/Object;Ljava/lang/reflect/Method;[Ljava/lang/Object;Lorg/springframework/cglib/proxy/MethodProxy;)Ljava/lang/Object;+96
j  br.com.studies.controllers.AuthenticationController$$SpringCGLIB$$0.login(Lbr/com/studies/dtos/LoginRequestDTO;)Lorg/springframework/http/ResponseEntity;+36
J 9508 c1 java.lang.invoke.LambdaForm$DMH+0x00000008002b4000.invokeVirtual(Ljava/lang/Object;Ljava/lang/Object;Ljava/lang/Object;)Ljava/lang/Object; java.base@21.0.3 (15 bytes) @ 0x000001acc0424abc [0x000001acc0424a40+0x000000000000007c]
J 9519 c1 java.lang.invoke.LambdaForm$MH+0x0000000800280000.invoke(Ljava/lang/Object;Ljava/lang/Object;Ljava/lang/Object;)Ljava/lang/Object; java.base@21.0.3 (56 bytes) @ 0x000001acc041bed4 [0x000001acc041bd60+0x0000000000000174]
J 4453 c1 jdk.internal.reflect.DirectMethodHandleAccessor.invoke(Ljava/lang/Object;[Ljava/lang/Object;)Ljava/lang/Object; java.base@21.0.3 (92 bytes) @ 0x000001acc0041b7c [0x000001acc00417c0+0x00000000000003bc]
J 4591 c1 java.lang.reflect.Method.invoke(Ljava/lang/Object;[Ljava/lang/Object;)Ljava/lang/Object; java.base@21.0.3 (108 bytes) @ 0x000001acc007c974 [0x000001acc007c780+0x00000000000001f4]
j  org.springframework.web.method.support.InvocableHandlerMethod.doInvoke([Ljava/lang/Object;)Ljava/lang/Object;+55
j  org.springframework.web.method.support.InvocableHandlerMethod.invokeForRequest(Lorg/springframework/web/context/request/NativeWebRequest;Lorg/springframework/web/method/support/ModelAndViewContainer;[Ljava/lang/Object;)Ljava/lang/Object;+82
j  org.springframework.web.servlet.mvc.method.annotation.ServletInvocableHandlerMethod.invokeAndHandle(Lorg/springframework/web/context/request/ServletWebRequest;Lorg/springframework/web/method/support/ModelAndViewContainer;[Ljava/lang/Object;)V+4
j  org.springframework.web.servlet.mvc.method.annotation.RequestMappingHandlerAdapter.invokeHandlerMethod(Ljakarta/servlet/http/HttpServletRequest;Ljakarta/servlet/http/HttpServletResponse;Lorg/springframework/web/method/HandlerMethod;)Lorg/springframework/web/servlet/ModelAndView;+309
j  org.springframework.web.servlet.mvc.method.annotation.RequestMappingHandlerAdapter.handleInternal(Ljakarta/servlet/http/HttpServletRequest;Ljakarta/servlet/http/HttpServletResponse;Lorg/springframework/web/method/HandlerMethod;)Lorg/springframework/web/servlet/ModelAndView;+81
j  org.springframework.web.servlet.mvc.method.AbstractHandlerMethodAdapter.handle(Ljakarta/servlet/http/HttpServletRequest;Ljakarta/servlet/http/HttpServletResponse;Ljava/lang/Object;)Lorg/springframework/web/servlet/ModelAndView;+7
j  org.springframework.web.servlet.DispatcherServlet.doDispatch(Ljakarta/servlet/http/HttpServletRequest;Ljakarta/servlet/http/HttpServletResponse;)V+259
j  org.springframework.web.servlet.DispatcherServlet.doService(Ljakarta/servlet/http/HttpServletRequest;Ljakarta/servlet/http/HttpServletResponse;)V+242
j  org.springframework.web.servlet.FrameworkServlet.processRequest(Ljakarta/servlet/http/HttpServletRequest;Ljakarta/servlet/http/HttpServletResponse;)V+70
j  org.springframework.web.servlet.FrameworkServlet.doPost(Ljakarta/servlet/http/HttpServletRequest;Ljakarta/servlet/http/HttpServletResponse;)V+3
j  jakarta.servlet.http.HttpServlet.service(Ljakarta/servlet/http/HttpServletRequest;Ljakarta/servlet/http/HttpServletResponse;)V+150
j  org.springframework.web.servlet.FrameworkServlet.service(Ljakarta/servlet/http/HttpServletRequest;Ljakarta/servlet/http/HttpServletResponse;)V+20
j  jakarta.servlet.http.HttpServlet.service(Ljakarta/servlet/ServletRequest;Ljakarta/servlet/ServletResponse;)V+37
j  org.apache.catalina.core.ApplicationFilterChain.internalDoFilter(Ljakarta/servlet/ServletRequest;Ljakarta/servlet/ServletResponse;)V+300
j  org.apache.catalina.core.ApplicationFilterChain.doFilter(Ljakarta/servlet/ServletRequest;Ljakarta/servlet/ServletResponse;)V+99
j  org.apache.tomcat.websocket.server.WsFilter.doFilter(Ljakarta/servlet/ServletRequest;Ljakarta/servlet/ServletResponse;Ljakarta/servlet/FilterChain;)V+21
j  org.apache.catalina.core.ApplicationFilterChain.internalDoFilter(Ljakarta/servlet/ServletRequest;Ljakarta/servlet/ServletResponse;)V+130
j  org.apache.catalina.core.ApplicationFilterChain.doFilter(Ljakarta/servlet/ServletRequest;Ljakarta/servlet/ServletResponse;)V+99
j  org.springframework.web.filter.OncePerRequestFilter.doFilter(Ljakarta/servlet/ServletRequest;Ljakarta/servlet/ServletResponse;Ljakarta/servlet/FilterChain;)V+125
j  org.apache.catalina.core.ApplicationFilterChain.internalDoFilter(Ljakarta/servlet/ServletRequest;Ljakarta/servlet/ServletResponse;)V+130
j  org.apache.catalina.core.ApplicationFilterChain.doFilter(Ljakarta/servlet/ServletRequest;Ljakarta/servlet/ServletResponse;)V+99
j  org.springframework.web.filter.CompositeFilter$VirtualFilterChain.doFilter(Ljakarta/servlet/ServletRequest;Ljakarta/servlet/ServletResponse;)V+22
j  org.springframework.security.web.FilterChainProxy.lambda$doFilterInternal$3(Lorg/springframework/security/web/firewall/FirewalledRequest;Ljakarta/servlet/FilterChain;Ljakarta/servlet/ServletRequest;Ljakarta/servlet/ServletResponse;)V+35
j  org.springframework.security.web.FilterChainProxy$$Lambda+0x0000000800ae9260.doFilter(Ljakarta/servlet/ServletRequest;Ljakarta/servlet/ServletResponse;)V+10
j  org.springframework.security.web.FilterChainProxy$VirtualFilterChain.doFilter(Ljakarta/servlet/ServletRequest;Ljakarta/servlet/ServletResponse;)V+17
j  org.springframework.security.web.access.intercept.AuthorizationFilter.doFilter(Ljakarta/servlet/ServletRequest;Ljakarta/servlet/ServletResponse;Ljakarta/servlet/FilterChain;)V+143
j  org.springframework.security.web.FilterChainProxy$VirtualFilterChain.doFilter(Ljakarta/servlet/ServletRequest;Ljakarta/servlet/ServletResponse;)V+105
j  org.springframework.security.web.access.ExceptionTranslationFilter.doFilter(Ljakarta/servlet/http/HttpServletRequest;Ljakarta/servlet/http/HttpServletResponse;Ljakarta/servlet/FilterChain;)V+3
j  org.springframework.security.web.access.ExceptionTranslationFilter.doFilter(Ljakarta/servlet/ServletRequest;Ljakarta/servlet/ServletResponse;Ljakarta/servlet/FilterChain;)V+10
j  org.springframework.security.web.FilterChainProxy$VirtualFilterChain.doFilter(Ljakarta/servlet/ServletRequest;Ljakarta/servlet/ServletResponse;)V+105
j  org.springframework.security.web.session.SessionManagementFilter.doFilter(Ljakarta/servlet/http/HttpServletRequest;Ljakarta/servlet/http/HttpServletResponse;Ljakarta/servlet/FilterChain;)V+223
j  org.springframework.security.web.session.SessionManagementFilter.doFilter(Ljakarta/servlet/ServletRequest;Ljakarta/servlet/ServletResponse;Ljakarta/servlet/FilterChain;)V+10
j  org.springframework.security.web.FilterChainProxy$VirtualFilterChain.doFilter(Ljakarta/servlet/ServletRequest;Ljakarta/servlet/ServletResponse;)V+105
j  org.springframework.security.web.authentication.AnonymousAuthenticationFilter.doFilter(Ljakarta/servlet/ServletRequest;Ljakarta/servlet/ServletResponse;Ljakarta/servlet/FilterChain;)V+33
j  org.springframework.security.web.FilterChainProxy$VirtualFilterChain.doFilter(Ljakarta/servlet/ServletRequest;Ljakarta/servlet/ServletResponse;)V+105
j  org.springframework.security.web.servletapi.SecurityContextHolderAwareRequestFilter.doFilter(Ljakarta/servlet/ServletRequest;Ljakarta/servlet/ServletResponse;Ljakarta/servlet/FilterChain;)V+19
j  org.springframework.security.web.FilterChainProxy$VirtualFilterChain.doFilter(Ljakarta/servlet/ServletRequest;Ljakarta/servlet/ServletResponse;)V+105
j  org.springframework.security.web.savedrequest.RequestCacheAwareFilter.doFilter(Ljakarta/servlet/ServletRequest;Ljakarta/servlet/ServletResponse;Ljakarta/servlet/FilterChain;)V+32
j  org.springframework.security.web.FilterChainProxy$VirtualFilterChain.doFilter(Ljakarta/servlet/ServletRequest;Ljakarta/servlet/ServletResponse;)V+105
j  br.com.studies.configs.JwtAuthenticationFilter.doFilterInternal(Ljakarta/servlet/http/HttpServletRequest;Ljakarta/servlet/http/HttpServletResponse;Ljakarta/servlet/FilterChain;)V+28
j  org.springframework.web.filter.OncePerRequestFilter.doFilter(Ljakarta/servlet/ServletRequest;Ljakarta/servlet/ServletResponse;Ljakarta/servlet/FilterChain;)V+150
j  org.springframework.security.web.FilterChainProxy$VirtualFilterChain.doFilter(Ljakarta/servlet/ServletRequest;Ljakarta/servlet/ServletResponse;)V+105
j  org.springframework.security.web.authentication.logout.LogoutFilter.doFilter(Ljakarta/servlet/http/HttpServletRequest;Ljakarta/servlet/http/HttpServletResponse;Ljakarta/servlet/FilterChain;)V+83
j  org.springframework.security.web.authentication.logout.LogoutFilter.doFilter(Ljakarta/servlet/ServletRequest;Ljakarta/servlet/ServletResponse;Ljakarta/servlet/FilterChain;)V+10
j  org.springframework.security.web.FilterChainProxy$VirtualFilterChain.doFilter(Ljakarta/servlet/ServletRequest;Ljakarta/servlet/ServletResponse;)V+105
j  org.springframework.web.filter.CorsFilter.doFilterInternal(Ljakarta/servlet/http/HttpServletRequest;Ljakarta/servlet/http/HttpServletResponse;Ljakarta/servlet/FilterChain;)V+43
j  org.springframework.web.filter.OncePerRequestFilter.doFilter(Ljakarta/servlet/ServletRequest;Ljakarta/servlet/ServletResponse;Ljakarta/servlet/FilterChain;)V+150
j  org.springframework.security.web.FilterChainProxy$VirtualFilterChain.doFilter(Ljakarta/servlet/ServletRequest;Ljakarta/servlet/ServletResponse;)V+105
j  org.springframework.security.web.header.HeaderWriterFilter.doHeadersAfter(Ljakarta/servlet/http/HttpServletRequest;Ljakarta/servlet/http/HttpServletResponse;Ljakarta/servlet/FilterChain;)V+29
j  org.springframework.security.web.header.HeaderWriterFilter.doFilterInternal(Ljakarta/servlet/http/HttpServletRequest;Ljakarta/servlet/http/HttpServletResponse;Ljakarta/servlet/FilterChain;)V+21
j  org.springframework.web.filter.OncePerRequestFilter.doFilter(Ljakarta/servlet/ServletRequest;Ljakarta/servlet/ServletResponse;Ljakarta/servlet/FilterChain;)V+150
j  org.springframework.security.web.FilterChainProxy$VirtualFilterChain.doFilter(Ljakarta/servlet/ServletRequest;Ljakarta/servlet/ServletResponse;)V+105
j  org.springframework.security.web.context.SecurityContextHolderFilter.doFilter(Ljakarta/servlet/http/HttpServletRequest;Ljakarta/servlet/http/HttpServletResponse;Ljakarta/servlet/FilterChain;)V+59
j  org.springframework.security.web.context.SecurityContextHolderFilter.doFilter(Ljakarta/servlet/ServletRequest;Ljakarta/servlet/ServletResponse;Ljakarta/servlet/FilterChain;)V+10
j  org.springframework.security.web.FilterChainProxy$VirtualFilterChain.doFilter(Ljakarta/servlet/ServletRequest;Ljakarta/servlet/ServletResponse;)V+105
j  org.springframework.security.web.context.request.async.WebAsyncManagerIntegrationFilter.doFilterInternal(Ljakarta/servlet/http/HttpServletRequest;Ljakarta/servlet/http/HttpServletResponse;Ljakarta/servlet/FilterChain;)V+55
j  org.springframework.web.filter.OncePerRequestFilter.doFilter(Ljakarta/servlet/ServletRequest;Ljakarta/servlet/ServletResponse;Ljakarta/servlet/FilterChain;)V+150
j  org.springframework.security.web.FilterChainProxy$VirtualFilterChain.doFilter(Ljakarta/servlet/ServletRequest;Ljakarta/servlet/ServletResponse;)V+105
j  org.springframework.security.web.session.DisableEncodeUrlFilter.doFilterInternal(Ljakarta/servlet/http/HttpServletRequest;Ljakarta/servlet/http/HttpServletResponse;Ljakarta/servlet/FilterChain;)V+10
j  org.springframework.web.filter.OncePerRequestFilter.doFilter(Ljakarta/servlet/ServletRequest;Ljakarta/servlet/ServletResponse;Ljakarta/servlet/FilterChain;)V+150
j  org.springframework.security.web.FilterChainProxy$VirtualFilterChain.doFilter(Ljakarta/servlet/ServletRequest;Ljakarta/servlet/ServletResponse;)V+105
j  org.springframework.security.web.FilterChainProxy.doFilterInternal(Ljakarta/servlet/ServletRequest;Ljakarta/servlet/ServletResponse;Ljakarta/servlet/FilterChain;)V+163
j  org.springframework.security.web.FilterChainProxy.doFilter(Ljakarta/servlet/ServletRequest;Ljakarta/servlet/ServletResponse;Ljakarta/servlet/FilterChain;)V+48
j  org.springframework.web.filter.CompositeFilter$VirtualFilterChain.doFilter(Ljakarta/servlet/ServletRequest;Ljakarta/servlet/ServletResponse;)V+63
j  org.springframework.web.servlet.handler.HandlerMappingIntrospector.lambda$createCacheFilter$3(Ljakarta/servlet/ServletRequest;Ljakarta/servlet/ServletResponse;Ljakarta/servlet/FilterChain;)V+13
j  org.springframework.web.servlet.handler.HandlerMappingIntrospector$$Lambda+0x0000000800a71d20.doFilter(Ljakarta/servlet/ServletRequest;Ljakarta/servlet/ServletResponse;Ljakarta/servlet/FilterChain;)V+7
j  org.springframework.web.filter.CompositeFilter$VirtualFilterChain.doFilter(Ljakarta/servlet/ServletRequest;Ljakarta/servlet/ServletResponse;)V+63
j  org.springframework.web.filter.CompositeFilter.doFilter(Ljakarta/servlet/ServletRequest;Ljakarta/servlet/ServletResponse;Ljakarta/servlet/FilterChain;)V+14
j  org.springframework.security.config.annotation.web.configuration.WebMvcSecurityConfiguration$CompositeFilterChainProxy.doFilter(Ljakarta/servlet/ServletRequest;Ljakarta/servlet/ServletResponse;Ljakarta/servlet/FilterChain;)V+7
j  org.springframework.web.filter.DelegatingFilterProxy.invokeDelegate(Ljakarta/servlet/Filter;Ljakarta/servlet/ServletRequest;Ljakarta/servlet/ServletResponse;Ljakarta/servlet/FilterChain;)V+5
j  org.springframework.web.filter.DelegatingFilterProxy.doFilter(Ljakarta/servlet/ServletRequest;Ljakarta/servlet/ServletResponse;Ljakarta/servlet/FilterChain;)V+85
j  org.apache.catalina.core.ApplicationFilterChain.internalDoFilter(Ljakarta/servlet/ServletRequest;Ljakarta/servlet/ServletResponse;)V+130
j  org.apache.catalina.core.ApplicationFilterChain.doFilter(Ljakarta/servlet/ServletRequest;Ljakarta/servlet/ServletResponse;)V+99
j  org.springframework.web.filter.RequestContextFilter.doFilterInternal(Ljakarta/servlet/http/HttpServletRequest;Ljakarta/servlet/http/HttpServletResponse;Ljakarta/servlet/FilterChain;)V+21
j  org.springframework.web.filter.OncePerRequestFilter.doFilter(Ljakarta/servlet/ServletRequest;Ljakarta/servlet/ServletResponse;Ljakarta/servlet/FilterChain;)V+150
j  org.apache.catalina.core.ApplicationFilterChain.internalDoFilter(Ljakarta/servlet/ServletRequest;Ljakarta/servlet/ServletResponse;)V+130
j  org.apache.catalina.core.ApplicationFilterChain.doFilter(Ljakarta/servlet/ServletRequest;Ljakarta/servlet/ServletResponse;)V+99
j  org.springframework.web.filter.FormContentFilter.doFilterInternal(Ljakarta/servlet/http/HttpServletRequest;Ljakarta/servlet/http/HttpServletResponse;Ljakarta/servlet/FilterChain;)V+38
j  org.springframework.web.filter.OncePerRequestFilter.doFilter(Ljakarta/servlet/ServletRequest;Ljakarta/servlet/ServletResponse;Ljakarta/servlet/FilterChain;)V+150
j  org.apache.catalina.core.ApplicationFilterChain.internalDoFilter(Ljakarta/servlet/ServletRequest;Ljakarta/servlet/ServletResponse;)V+130
j  org.apache.catalina.core.ApplicationFilterChain.doFilter(Ljakarta/servlet/ServletRequest;Ljakarta/servlet/ServletResponse;)V+99
j  org.springframework.web.filter.CharacterEncodingFilter.doFilterInternal(Ljakarta/servlet/http/HttpServletRequest;Ljakarta/servlet/http/HttpServletResponse;Ljakarta/servlet/FilterChain;)V+53
j  org.springframework.web.filter.OncePerRequestFilter.doFilter(Ljakarta/servlet/ServletRequest;Ljakarta/servlet/ServletResponse;Ljakarta/servlet/FilterChain;)V+150
j  org.apache.catalina.core.ApplicationFilterChain.internalDoFilter(Ljakarta/servlet/ServletRequest;Ljakarta/servlet/ServletResponse;)V+130
j  org.apache.catalina.core.ApplicationFilterChain.doFilter(Ljakarta/servlet/ServletRequest;Ljakarta/servlet/ServletResponse;)V+99
j  org.apache.catalina.core.StandardWrapperValve.invoke(Lorg/apache/catalina/connector/Request;Lorg/apache/catalina/connector/Response;)V+514
j  org.apache.catalina.core.StandardContextValve.invoke(Lorg/apache/catalina/connector/Request;Lorg/apache/catalina/connector/Response;)V+169
j  org.apache.catalina.authenticator.AuthenticatorBase.invoke(Lorg/apache/catalina/connector/Request;Lorg/apache/catalina/connector/Response;)V+221
j  org.apache.catalina.core.StandardHostValve.invoke(Lorg/apache/catalina/connector/Request;Lorg/apache/catalina/connector/Response;)V+131
j  org.apache.catalina.valves.ErrorReportValve.invoke(Lorg/apache/catalina/connector/Request;Lorg/apache/catalina/connector/Response;)V+6
j  org.apache.catalina.core.StandardEngineValve.invoke(Lorg/apache/catalina/connector/Request;Lorg/apache/catalina/connector/Response;)V+59
j  org.apache.catalina.connector.CoyoteAdapter.service(Lorg/apache/coyote/Request;Lorg/apache/coyote/Response;)V+188
j  org.apache.coyote.http11.Http11Processor.service(Lorg/apache/tomcat/util/net/SocketWrapperBase;)Lorg/apache/tomcat/util/net/AbstractEndpoint$Handler$SocketState;+796
j  org.apache.coyote.AbstractProcessorLight.process(Lorg/apache/tomcat/util/net/SocketWrapperBase;Lorg/apache/tomcat/util/net/SocketEvent;)Lorg/apache/tomcat/util/net/AbstractEndpoint$Handler$SocketState;+155
j  org.apache.coyote.AbstractProtocol$ConnectionHandler.process(Lorg/apache/tomcat/util/net/SocketWrapperBase;Lorg/apache/tomcat/util/net/SocketEvent;)Lorg/apache/tomcat/util/net/AbstractEndpoint$Handler$SocketState;+482
j  org.apache.tomcat.util.net.NioEndpoint$SocketProcessor.doRun()V+249
j  org.apache.tomcat.util.net.SocketProcessorBase.run()V+32
j  org.apache.tomcat.util.threads.ThreadPoolExecutor.runWorker(Lorg/apache/tomcat/util/threads/ThreadPoolExecutor$Worker;)V+92
j  org.apache.tomcat.util.threads.ThreadPoolExecutor$Worker.run()V+5
j  org.apache.tomcat.util.threads.TaskThread$WrappingRunnable.run()V+4
J 12011 c1 java.lang.Thread.run()V java.base@21.0.3 (23 bytes) @ 0x000001acc066badc [0x000001acc066ba40+0x000000000000009c]
v  ~StubRoutines::call_stub 0x000001acbf5e100d

siginfo: EXCEPTION_ACCESS_VIOLATION (0xc0000005), reading address 0x000001ae163a7ed8


Registers:
RAX=0x000001acc48f0000, RBX=0x000001acbbb90230, RCX=0x0000000000000025, RDX=0x0000000000000001
RSP=0x0000005a6befe020, RBP=0x0000005a6befe1b0, RSI=0x000001acd7f8e450, RDI=0x0000000a8d5bf6e5
R8 =0x000001ae163a7ed8, R9 =0x000001acd13d8038, R10=0x000001acbf5e0000, R11=0x0000005a6befe228
R12=0x000001accf747050, R13=0x000001accf92d000, R14=0x000001acd46bc9c0, R15=0x0000000000000000
RIP=0x00007ffcdf7f853e, EFLAGS=0x0000000000010202


Register to memory mapping:

RAX=0x000001acc48f0000 points into unknown readable memory: 0x0000000000000001 | 01 00 00 00 00 00 00 00
RBX=0x000001acbbb90230 points into unknown readable memory: 0x00007ffcdfefd2b8 | b8 d2 ef df fc 7f 00 00
RCX=0x0000000000000025 is an unknown value
RDX=0x0000000000000001 is an unknown value
RSP=0x0000005a6befe020 points into unknown readable memory: 0x0000000000000000 | 00 00 00 00 00 00 00 00
RBP=0x0000005a6befe1b0 points into unknown readable memory: 0x0000005a00000000 | 00 00 00 00 5a 00 00 00
RSI=0x000001acd7f8e450 points into unknown readable memory: 0x0000005a6a6ff560 | 60 f5 6f 6a 5a 00 00 00
RDI=0x0000000a8d5bf6e5 is an unknown value
R8 =0x000001ae163a7ed8 is an unknown value
R9 =0x000001acd13d8038 is pointing into metadata
R10=0x000001acbf5e0000 points into unknown readable memory: 0x0000000000000006 | 06 00 00 00 00 00 00 00
R11=0x0000005a6befe228 points into unknown readable memory: 0x00007ffcdf7f29ad | ad 29 7f df fc 7f 00 00
R12=0x000001accf747050 points into unknown readable memory: 0x4c280055b732ffff | ff ff 32 b7 55 00 28 4c
R13=0x000001accf92d000 points into unknown readable memory: 0x0000000000000000 | 00 00 00 00 00 00 00 00
R14=0x000001acd46bc9c0 points into unknown readable memory: 0x0000000000000002 | 02 00 00 00 00 00 00 00
R15=0x0 is null

Top of Stack: (sp=0x0000005a6befe020)
0x0000005a6befe020:   0000000000000000 000001acd3d87384
0x0000005a6befe030:   000001acd7f8e450 00007ffcdf81e192
0x0000005a6befe040:   0000005a6cdfb728 00007ffcdf81e229
0x0000005a6befe050:   0000005a6cdfb728 0000005a6befe380
0x0000005a6befe060:   0000000000000010 00007ffcdfb970c9
0x0000005a6befe070:   000001acd7f8e450 00007ffcdf81e192
0x0000005a6befe080:   0000005a6befe140 0000005a6befe380
0x0000005a6befe090:   0000005a6befe380 0000000000000000
0x0000005a6befe0a0:   0000000000000002 00007ffcdf7f2f5b
0x0000005a6befe0b0:   000001acd7f8ea00 000001acd13d8280
0x0000005a6befe0c0:   000001acd7f8ea00 0000005a6befe380
0x0000005a6befe0d0:   0000000bd7f8ea01 000001acd13d8280
0x0000005a6befe0e0:   000001acd48a6b90 000001ac00000004
0x0000005a6befe0f0:   00000000000003d8 000001accf92d010
0x0000005a6befe100:   000001accf92d3e8 000001acd13d8273
0x0000005a6befe110:   000001ac000000b8 000001acd13d8280
0x0000005a6befe120:   00007ffcdfef8fa0 0000005a6befe380
0x0000005a6befe130:   000001acd7f8ea00 0000000400000003
0x0000005a6befe140:   000001accf747050 0000001300000001
0x0000005a6befe150:   0000000000000055 000000010000000c
0x0000005a6befe160:   000001accc9fdb68 0000000000000000
0x0000005a6befe170:   000001acd5ffdd44 000001ac0000000a
0x0000005a6befe180:   0000000700000005 0000ffff09986a00
0x0000005a6befe190:   0000000602e9e730 00007ffcdf81e229
0x0000005a6befe1a0:   0000000602e9e730 00000006cf920013
0x0000005a6befe1b0:   0000005a00000000 0000000000000015
0x0000005a6befe1c0:   000001acd7f8e450 00007ffcdf81e192
0x0000005a6befe1d0:   0000000000000000 0000005a00000003
0x0000005a6befe1e0:   00004de77a284819 00007ffcdf73ccb2
0x0000005a6befe1f0:   000001acd7f8ea00 00000000000003d8
0x0000005a6befe200:   000001accf92d3e8 0000005a6befe380
0x0000005a6befe210:   0000005a6beff870 00007ffcdfd34c70 

Instructions: (pc=0x00007ffcdf7f853e)
0x00007ffcdf7f843e:   38 f0 4c 01 04 c8 48 c7 42 08 00 00 00 00 44 89
0x00007ffcdf7f844e:   12 49 ff 41 58 4c 01 5a 08 e9 4a ff ff ff 49 ff
0x00007ffcdf7f845e:   41 50 4c 01 5a 08 e9 3d ff ff ff cc cc cc cc cc
0x00007ffcdf7f846e:   cc cc 48 89 5c 24 08 57 48 83 ec 20 48 8b 01 48
0x00007ffcdf7f847e:   8b fa 48 8b d9 ff 50 08 4c 8b c8 48 85 c0 74 66
0x00007ffcdf7f848e:   4c 8b 40 10 4c 2b 00 48 c7 40 28 00 00 00 00 4c
0x00007ffcdf7f849e:   89 43 18 48 8b 50 10 48 8b 48 08 48 8b c7 48 2b
0x00007ffcdf7f84ae:   ca 48 c1 e9 03 48 3b cf 48 0f 42 c1 48 3b c7 72
0x00007ffcdf7f84be:   1e 48 8d 04 c2 49 89 41 10 90 ff 43 10 48 8b c2
0x00007ffcdf7f84ce:   4c 89 4b 08 48 8b 5c 24 30 48 83 c4 20 5f c3 33
0x00007ffcdf7f84de:   d2 90 ff 43 10 8b c2 4c 89 4b 08 48 8b 5c 24 30
0x00007ffcdf7f84ee:   48 83 c4 20 5f c3 48 8b 5c 24 30 48 83 c4 20 5f
0x00007ffcdf7f84fe:   c3 cc 48 89 5c 24 08 57 48 83 ec 20 48 8b 01 48
0x00007ffcdf7f850e:   8b fa 48 8b d9 ff 10 48 2b 7b 08 8b 4b 18 48 8b
0x00007ffcdf7f851e:   43 20 48 c1 ef 03 48 d3 ef 40 0f b6 cf 48 8b d7
0x00007ffcdf7f852e:   48 c1 ea 06 80 e1 3f 4c 8d 04 d0 ba 01 00 00 00
0x00007ffcdf7f853e:   49 8b 00 48 d3 e2 48 8b c8 48 0b ca 48 3b c8 74
0x00007ffcdf7f854e:   13 90 f0 49 0f b1 08 74 18 48 8b c8 48 0b ca 48
0x00007ffcdf7f855e:   3b c8 75 ee 32 c0 48 8b 5c 24 30 48 83 c4 20 5f
0x00007ffcdf7f856e:   c3 48 8b 5c 24 30 b0 01 48 83 c4 20 5f c3 cc cc
0x00007ffcdf7f857e:   cc cc 48 89 5c 24 08 57 48 83 ec 20 4c 8b 41 30
0x00007ffcdf7f858e:   48 8b da 48 8b f9 45 8b 88 80 00 00 00 41 8b 80
0x00007ffcdf7f859e:   00 01 00 00 41 8b d1 2b d0 81 e2 ff ff 01 00 81
0x00007ffcdf7f85ae:   fa fe ff 01 00 73 26 49 8b 80 80 01 00 00 4a 89
0x00007ffcdf7f85be:   1c c8 41 8d 41 01 25 ff ff 01 00 41 89 80 80 00
0x00007ffcdf7f85ce:   00 00 48 8b 5c 24 30 48 83 c4 20 5f c3 e8 f0 94
0x00007ffcdf7f85de:   01 00 48 8b 57 30 44 8b 82 80 00 00 00 8b 82 00
0x00007ffcdf7f85ee:   01 00 00 41 8b c8 2b c8 81 e1 ff ff 01 00 81 f9
0x00007ffcdf7f85fe:   fe ff 01 00 73 1a 48 8b 82 80 01 00 00 4a 89 1c
0x00007ffcdf7f860e:   c0 41 8d 40 01 25 ff ff 01 00 89 82 80 00 00 00
0x00007ffcdf7f861e:   48 8b 5c 24 30 48 83 c4 20 5f c3 cc cc cc cc cc
0x00007ffcdf7f862e:   cc cc 48 89 5c 24 08 57 48 83 ec 20 48 8b 79 08 


Stack slot to memory mapping:

stack at sp + 0 slots: 0x0 is null
stack at sp + 1 slots: 0x000001acd3d87384 is pointing into metadata
stack at sp + 2 slots: 0x000001acd7f8e450 points into unknown readable memory: 0x0000005a6a6ff560 | 60 f5 6f 6a 5a 00 00 00
stack at sp + 3 slots: 0x00007ffcdf81e192 jvm.dll
stack at sp + 4 slots: 0x0000005a6cdfb728 is pointing into the stack for thread: 0x000001acd54d72e0
stack at sp + 5 slots: 0x00007ffcdf81e229 jvm.dll
stack at sp + 6 slots: 0x0000005a6cdfb728 is pointing into the stack for thread: 0x000001acd54d72e0
stack at sp + 7 slots: 0x0000005a6befe380 points into unknown readable memory: 0x0000005a6cdfb718 | 18 b7 df 6c 5a 00 00 00


---------------  P R O C E S S  ---------------

Threads class SMR info:
_java_thread_list=0x000001acd7aa8960, length=27, elements={
0x000001accf695530, 0x000001accf642030, 0x000001accf6977d0, 0x000001accf6984f0,
0x000001accf645890, 0x000001accf6657f0, 0x000001accf666e00, 0x000001accf710d70,
0x000001accf9195f0, 0x000001accf91ee20, 0x000001accf91f8b0, 0x000001acd4664f10,
0x000001acd4893b70, 0x000001accf8ee1a0, 0x000001acd494f650, 0x000001acd495df50,
0x000001acd49a4070, 0x000001acd5278090, 0x000001acd5279440, 0x000001acd54d2ab0,
0x000001acd54d1070, 0x000001acd4e4d4c0, 0x000001acd54d72e0, 0x000001acd54d1700,
0x000001acd5279ad0, 0x000001acd527ae80, 0x000001acd527a7f0
}

Java Threads: ( => current thread )
  0x000001accf695530 JavaThread "Reference Handler"          daemon [_thread_blocked, id=14828, stack(0x0000005a6a700000,0x0000005a6a800000) (1024K)]
  0x000001accf642030 JavaThread "Finalizer"                  daemon [_thread_blocked, id=21812, stack(0x0000005a6a800000,0x0000005a6a900000) (1024K)]
  0x000001accf6977d0 JavaThread "Signal Dispatcher"          daemon [_thread_blocked, id=3964, stack(0x0000005a6a900000,0x0000005a6aa00000) (1024K)]
  0x000001accf6984f0 JavaThread "Attach Listener"            daemon [_thread_blocked, id=9184, stack(0x0000005a6aa00000,0x0000005a6ab00000) (1024K)]
  0x000001accf645890 JavaThread "Service Thread"             daemon [_thread_blocked, id=14928, stack(0x0000005a6ab00000,0x0000005a6ac00000) (1024K)]
  0x000001accf6657f0 JavaThread "Monitor Deflation Thread"   daemon [_thread_blocked, id=7608, stack(0x0000005a6ac00000,0x0000005a6ad00000) (1024K)]
  0x000001accf666e00 JavaThread "C1 CompilerThread0"         daemon [_thread_blocked, id=9616, stack(0x0000005a6ad00000,0x0000005a6ae00000) (1024K)]
  0x000001accf710d70 JavaThread "Common-Cleaner"             daemon [_thread_blocked, id=26472, stack(0x0000005a6ae00000,0x0000005a6af00000) (1024K)]
  0x000001accf9195f0 JavaThread "JDWP Transport Listener: dt_socket" daemon [_thread_blocked, id=23176, stack(0x0000005a6b200000,0x0000005a6b300000) (1024K)]
  0x000001accf91ee20 JavaThread "JDWP Event Helper Thread"   daemon [_thread_blocked, id=12268, stack(0x0000005a6b300000,0x0000005a6b400000) (1024K)]
  0x000001accf91f8b0 JavaThread "JDWP Command Reader"        daemon [_thread_blocked, id=14996, stack(0x0000005a6b400000,0x0000005a6b500000) (1024K)]
  0x000001acd4664f10 JavaThread "Notification Thread"        daemon [_thread_blocked, id=25632, stack(0x0000005a6b500000,0x0000005a6b600000) (1024K)]
  0x000001acd4893b70 JavaThread "RMI TCP Accept-0"           daemon [_thread_in_native, id=22816, stack(0x0000005a6b600000,0x0000005a6b700000) (1024K)]
  0x000001accf8ee1a0 JavaThread "RMI TCP Accept-57206"       daemon [_thread_in_native, id=23972, stack(0x0000005a6c000000,0x0000005a6c100000) (1024K)]
  0x000001acd494f650 JavaThread "RMI Scheduler(0)"           daemon [_thread_blocked, id=19256, stack(0x0000005a6c200000,0x0000005a6c300000) (1024K)]
  0x000001acd495df50 JavaThread "RMI TCP Accept-0"           daemon [_thread_in_native, id=5504, stack(0x0000005a6c400000,0x0000005a6c500000) (1024K)]
  0x000001acd49a4070 JavaThread "JMX server connection timeout 40" daemon [_thread_blocked, id=8720, stack(0x0000005a6c500000,0x0000005a6c600000) (1024K)]
  0x000001acd5278090 JavaThread "Live Reload Server"         daemon [_thread_in_native, id=6496, stack(0x0000005a6d200000,0x0000005a6d300000) (1024K)]
  0x000001acd5279440 JavaThread "http-nio-8080-exec-1"       daemon [_thread_blocked, id=17664, stack(0x0000005a6d100000,0x0000005a6d200000) (1024K)]
  0x000001acd54d2ab0 JavaThread "DestroyJavaVM"                     [_thread_blocked, id=16520, stack(0x0000005a69f00000,0x0000005a6a000000) (1024K)]
  0x000001acd54d1070 JavaThread "http-nio-8080-exec-2"       daemon [_thread_blocked, id=18104, stack(0x0000005a6ce00000,0x0000005a6cf00000) (1024K)]
  0x000001acd4e4d4c0 JavaThread "RMI TCP Connection(idle)"   daemon [_thread_blocked, id=27168, stack(0x0000005a6da00000,0x0000005a6db00000) (1024K)]
  0x000001acd54d72e0 JavaThread "http-nio-8080-exec-2"       daemon [_thread_blocked, id=3636, stack(0x0000005a6cd00000,0x0000005a6ce00000) (1024K)]
  0x000001acd54d1700 JavaThread "RMI TCP Connection(155)-127.0.0.1" daemon [_thread_in_native, id=24900, stack(0x0000005a6dc00000,0x0000005a6dd00000) (1024K)]
  0x000001acd5279ad0 JavaThread "RMI TCP Connection(156)-127.0.0.1" daemon [_thread_in_native, id=27372, stack(0x0000005a69c00000,0x0000005a69d00000) (1024K)]
  0x000001acd527ae80 JavaThread "RMI TCP Connection(157)-127.0.0.1" daemon [_thread_in_native, id=25312, stack(0x0000005a69d00000,0x0000005a69e00000) (1024K)]
  0x000001acd527a7f0 JavaThread "Thread-51"                         [_thread_blocked, id=21800, stack(0x0000005a6af00000,0x0000005a6b000000) (1024K)]
Total: 27

Other Threads:
  0x000001accf619c30 VMThread "VM Thread"                           [id=5792, stack(0x0000005a6a600000,0x0000005a6a700000) (1024K)]
  0x000001acccade310 WatcherThread "VM Periodic Task Thread"        [id=11680, stack(0x0000005a6a500000,0x0000005a6a600000) (1024K)]
  0x000001acbbb8fb30 WorkerThread "GC Thread#0"                     [id=17960, stack(0x0000005a6a000000,0x0000005a6a100000) (1024K)]
  0x000001acd489aeb0 WorkerThread "GC Thread#1"                     [id=27412, stack(0x0000005a6b700000,0x0000005a6b800000) (1024K)]
  0x000001acd489b250 WorkerThread "GC Thread#2"                     [id=13984, stack(0x0000005a6b800000,0x0000005a6b900000) (1024K)]
  0x000001acd48a3600 WorkerThread "GC Thread#3"                     [id=4112, stack(0x0000005a6b900000,0x0000005a6ba00000) (1024K)]
  0x000001acd48a41b0 WorkerThread "GC Thread#4"                     [id=21292, stack(0x0000005a6ba00000,0x0000005a6bb00000) (1024K)]
  0x000001acd48a4960 WorkerThread "GC Thread#5"                     [id=22156, stack(0x0000005a6bb00000,0x0000005a6bc00000) (1024K)]
  0x000001acd48a5110 WorkerThread "GC Thread#6"                     [id=10568, stack(0x0000005a6bc00000,0x0000005a6bd00000) (1024K)]
  0x000001acd48a5cc0 WorkerThread "GC Thread#7"                     [id=13156, stack(0x0000005a6bd00000,0x0000005a6be00000) (1024K)]
=>0x000001acd48a6b90 WorkerThread "GC Thread#8"                     [id=11424, stack(0x0000005a6be00000,0x0000005a6bf00000) (1024K)]
  0x000001acd48a72d0 WorkerThread "GC Thread#9"                     [id=20956, stack(0x0000005a6bf00000,0x0000005a6c000000) (1024K)]
  0x000001accc904200 ConcurrentGCThread "G1 Main Marker"            [id=27056, stack(0x0000005a6a100000,0x0000005a6a200000) (1024K)]
  0x000001acbbb9d9f0 WorkerThread "G1 Conc#0"                       [id=18092, stack(0x0000005a6a200000,0x0000005a6a300000) (1024K)]
  0x000001acd48a60b0 WorkerThread "G1 Conc#1"                       [id=1704, stack(0x0000005a6c800000,0x0000005a6c900000) (1024K)]
  0x000001acd48a7a10 WorkerThread "G1 Conc#2"                       [id=26388, stack(0x0000005a6c900000,0x0000005a6ca00000) (1024K)]
  0x000001accc99eaf0 ConcurrentGCThread "G1 Refine#0"               [id=8300, stack(0x0000005a6a300000,0x0000005a6a400000) (1024K)]
  0x000001accc99f570 ConcurrentGCThread "G1 Service"                [id=26800, stack(0x0000005a6a400000,0x0000005a6a500000) (1024K)]
Total: 18

Threads with active compile tasks:
C1 CompilerThread0  6291813 13516       1       java.lang.StackTraceElement::toString (298 bytes)
Total: 1

VM state: at safepoint (normal execution)

VM Mutex/Monitor currently owned by a thread:  ([mutex/lock_event])
[0x00007ffce0182128] Threads_lock - owner thread: 0x000001accf619c30
[0x00007ffce0182228] Heap_lock - owner thread: 0x000001acd527a7f0

Heap address: 0x0000000602000000, size: 8160 MB, Compressed Oops mode: Zero based, Oop shift amount: 3

CDS archive(s) not mapped
Compressed class space mapped at: 0x0000000800000000-0x0000000840000000, reserved size: 1073741824
Narrow klass base: 0x0000000800000000, Narrow klass shift: 0, Narrow klass range: 0x40000000

GC Precious Log:
 CardTable entry size: 512
 Card Set container configuration: InlinePtr #cards 4 size 8 Array Of Cards #cards 32 size 80 Howl #buckets 8 coarsen threshold 7372 Howl Bitmap #cards 1024 size 144 coarsen threshold 921 Card regions per heap region 1 cards per card region 8192
 CPUs: 12 total, 12 available
 Memory: 32626M
 Large Page Support: Disabled
 NUMA Support: Disabled
 Compressed Oops: Enabled (Zero based)
 Heap Region Size: 4M
 Heap Min Capacity: 8M
 Heap Initial Capacity: 512M
 Heap Max Capacity: 8160M
 Pre-touch: Disabled
 Parallel Workers: 10
 Concurrent Workers: 3
 Concurrent Refinement Workers: 10
 Periodic GC: Disabled

Heap:
 garbage-first heap   total 122880K, used 66714K [0x0000000602000000, 0x0000000800000000)
  region size 4096K, 7 young (28672K), 2 survivors (8192K)
 Metaspace       used 92354K, committed 93632K, reserved 1179648K
  class space    used 12118K, committed 12736K, reserved 1048576K

Heap Regions: E=young(eden), S=young(survivor), O=old, HS=humongous(starts), HC=humongous(continues), CS=collection set, F=free, TAMS=top-at-mark-start, PB=parsable bottom
|   0|0x0000000602000000, 0x00000006023fffe8, 0x0000000602400000| 99%| O|  |TAMS 0x0000000602000000| PB 0x0000000602000000| Untracked 
|   1|0x0000000602400000, 0x00000006027fffb0, 0x0000000602800000| 99%| O|  |TAMS 0x0000000602400000| PB 0x0000000602400000| Untracked 
|   2|0x0000000602800000, 0x0000000602bffff0, 0x0000000602c00000| 99%| O|  |TAMS 0x0000000602800000| PB 0x0000000602800000| Untracked 
|   3|0x0000000602c00000, 0x0000000603000000, 0x0000000603000000|100%| O|  |TAMS 0x0000000602c00000| PB 0x0000000602c00000| Untracked 
|   4|0x0000000603000000, 0x00000006033ffff0, 0x0000000603400000| 99%| O|  |TAMS 0x0000000603000000| PB 0x0000000603000000| Untracked 
|   5|0x0000000603400000, 0x00000006037fffc8, 0x0000000603800000| 99%| O|  |TAMS 0x0000000603400000| PB 0x0000000603400000| Untracked 
|   6|0x0000000603800000, 0x0000000603bffff0, 0x0000000603c00000| 99%| O|  |TAMS 0x0000000603800000| PB 0x0000000603800000| Untracked 
|   7|0x0000000603c00000, 0x0000000603fffff8, 0x0000000604000000| 99%| O|  |TAMS 0x0000000603c00000| PB 0x0000000603c00000| Untracked 
|   8|0x0000000604000000, 0x00000006043ffff8, 0x0000000604400000| 99%| O|  |TAMS 0x0000000604000000| PB 0x0000000604000000| Untracked 
|   9|0x0000000604400000, 0x000000060453d678, 0x0000000604800000| 30%| O|  |TAMS 0x0000000604400000| PB 0x0000000604400000| Untracked 
|  10|0x0000000604800000, 0x000000060497a7e8, 0x0000000604c00000| 36%| O|  |TAMS 0x0000000604800000| PB 0x0000000604800000| Complete 
|  11|0x0000000604c00000, 0x0000000605000000, 0x0000000605000000|100%| O|  |TAMS 0x0000000604c00000| PB 0x0000000604c00000| Untracked 
|  12|0x0000000605000000, 0x000000060501e398, 0x0000000605400000|  2%| O|  |TAMS 0x0000000605000000| PB 0x0000000605000000| Untracked 
|  13|0x0000000605400000, 0x0000000605400000, 0x0000000605800000|  0%| F|  |TAMS 0x0000000605400000| PB 0x0000000605400000| Untracked 
|  14|0x0000000605800000, 0x0000000605800000, 0x0000000605c00000|  0%| F|  |TAMS 0x0000000605800000| PB 0x0000000605800000| Untracked 
|  15|0x0000000605c00000, 0x0000000605c2fdc0, 0x0000000606000000|  4%| S|  |TAMS 0x0000000605c00000| PB 0x0000000605c00000| Complete 
|  16|0x0000000606000000, 0x0000000606400000, 0x0000000606400000|100%| S|  |TAMS 0x0000000606000000| PB 0x0000000606000000| Complete 
|  17|0x0000000606400000, 0x0000000606400000, 0x0000000606800000|  0%| F|  |TAMS 0x0000000606400000| PB 0x0000000606400000| Untracked 
|  18|0x0000000606800000, 0x0000000606800000, 0x0000000606c00000|  0%| F|  |TAMS 0x0000000606800000| PB 0x0000000606800000| Untracked 
|  19|0x0000000606c00000, 0x0000000606c00000, 0x0000000607000000|  0%| F|  |TAMS 0x0000000606c00000| PB 0x0000000606c00000| Untracked 
|  20|0x0000000607000000, 0x0000000607000000, 0x0000000607400000|  0%| F|  |TAMS 0x0000000607000000| PB 0x0000000607000000| Untracked 
|  21|0x0000000607400000, 0x0000000607400000, 0x0000000607800000|  0%| F|  |TAMS 0x0000000607400000| PB 0x0000000607400000| Untracked 
|  22|0x0000000607800000, 0x0000000607800000, 0x0000000607c00000|  0%| F|  |TAMS 0x0000000607800000| PB 0x0000000607800000| Untracked 
|  23|0x0000000607c00000, 0x0000000607c00000, 0x0000000608000000|  0%| F|  |TAMS 0x0000000607c00000| PB 0x0000000607c00000| Untracked 
|  24|0x0000000608000000, 0x0000000608000000, 0x0000000608400000|  0%| F|  |TAMS 0x0000000608000000| PB 0x0000000608000000| Untracked 
|  25|0x0000000608400000, 0x0000000608620940, 0x0000000608800000| 53%| E|  |TAMS 0x0000000608400000| PB 0x0000000608400000| Complete 
|  26|0x0000000608800000, 0x0000000608c00000, 0x0000000608c00000|100%| E|  |TAMS 0x0000000608800000| PB 0x0000000608800000| Complete 
|  27|0x0000000608c00000, 0x0000000609000000, 0x0000000609000000|100%| E|  |TAMS 0x0000000608c00000| PB 0x0000000608c00000| Complete 
|  28|0x0000000609000000, 0x0000000609400000, 0x0000000609400000|100%| E|  |TAMS 0x0000000609000000| PB 0x0000000609000000| Complete 
|  29|0x0000000609400000, 0x0000000609800000, 0x0000000609800000|100%| E|  |TAMS 0x0000000609400000| PB 0x0000000609400000| Complete 

Card table byte_map: [0x000001acc3900000,0x000001acc48f0000] _byte_map_base: 0x000001acc08f0000

Marking Bits: (CMBitMap*) 0x000001acbbb90230
 Bits: [0x000001acc48f0000, 0x000001accc870000)

Polling page: 0x000001acbb2a0000

Metaspace:

Usage:
  Non-class:     78.35 MB used.
      Class:     11.83 MB used.
       Both:     90.19 MB used.

Virtual space:
  Non-class space:      128.00 MB reserved,      79.00 MB ( 62%) committed,  2 nodes.
      Class space:        1.00 GB reserved,      12.44 MB (  1%) committed,  1 nodes.
             Both:        1.12 GB reserved,      91.44 MB (  8%) committed. 

Chunk freelists:
   Non-Class:  528.00 KB
       Class:  3.66 MB
        Both:  4.18 MB

MaxMetaspaceSize: unlimited
CompressedClassSpaceSize: 1.00 GB
Initial GC threshold: 21.00 MB
Current GC threshold: 152.00 MB
CDS: off
 - commit_granule_bytes: 65536.
 - commit_granule_words: 8192.
 - virtual_space_node_default_size: 8388608.
 - enlarge_chunks_in_place: 1.
 - use_allocation_guard: 0.


Internal statistics:

num_allocs_failed_limit: 12.
num_arena_births: 3688.
num_arena_deaths: 2392.
num_vsnodes_births: 3.
num_vsnodes_deaths: 0.
num_space_committed: 1464.
num_space_uncommitted: 1.
num_chunks_returned_to_freelist: 3075.
num_chunks_taken_from_freelist: 8294.
num_chunk_merges: 612.
num_chunk_splits: 4308.
num_chunks_enlarged: 2802.
num_inconsistent_stats: 0.

CodeCache: size=49152Kb used=19367Kb max_used=21019Kb free=29784Kb
 bounds [0x000001acbf5e0000, 0x000001acc0a80000, 0x000001acc25e0000]
 total_blobs=10392 nmethods=9671 adapters=644
 compilation: enabled
              stopped_count=0, restarted_count=0
 full_count=0

Compilation events (20 events):
Event: 6271.939 Thread 0x000001accf666e00 nmethod 13505 0x000001acc07c5810 code [0x000001acc07c5a40, 0x000001acc07c5da8]
Event: 6271.940 Thread 0x000001accf666e00 13506       1       com.fasterxml.jackson.databind.introspect.JacksonAnnotationIntrospector::findInjectableValue (94 bytes)
Event: 6271.940 Thread 0x000001accf666e00 nmethod 13506 0x000001acc07c4b10 code [0x000001acc07c4d80, 0x000001acc07c53c0]
Event: 6284.331 Thread 0x000001accf666e00 13507       1       org.apache.tomcat.util.threads.ThreadPoolExecutor$Worker::unlock (7 bytes)
Event: 6284.331 Thread 0x000001accf666e00 nmethod 13507 0x000001acc07c4390 code [0x000001acc07c4540, 0x000001acc07c4668]
Event: 6284.331 Thread 0x000001accf666e00 13508       1       org.apache.tomcat.util.threads.ThreadPoolExecutor$Worker::tryRelease (12 bytes)
Event: 6284.331 Thread 0x000001accf666e00 nmethod 13508 0x000001acc07c4090 code [0x000001acc07c4220, 0x000001acc07c4328]
Event: 6289.334 Thread 0x000001accf666e00 13510       1       com.sun.jmx.interceptor.DefaultMBeanServerInterceptor::nonDefaultDomain (35 bytes)
Event: 6289.335 Thread 0x000001accf666e00 nmethod 13510 0x000001acc07c3810 code [0x000001acc07c3a20, 0x000001acc07c3dc0]
Event: 6289.335 Thread 0x000001accf666e00 13511       1       org.hibernate.boot.registry.classloading.internal.AggregatedServiceLoader$ClassPathAndModulePathAggregatedServiceLoader::close (6 bytes)
Event: 6289.335 Thread 0x000001accf666e00 nmethod 13511 0x000001acc07c3510 code [0x000001acc07c36a0, 0x000001acc07c3790]
Event: 6291.523 Thread 0x000001accf666e00 13512       1       java.util.logging.Logger$LoggerBundle::isSystemBundle (10 bytes)
Event: 6291.523 Thread 0x000001accf666e00 nmethod 13512 0x000001acc07c3190 code [0x000001acc07c3340, 0x000001acc07c3438]
Event: 6291.523 Thread 0x000001accf666e00 13513       1       java.util.logging.Logger::getResourceBundleName (8 bytes)
Event: 6291.523 Thread 0x000001accf666e00 nmethod 13513 0x000001acc07c2e90 code [0x000001acc07c3020, 0x000001acc07c30f8]
Event: 6291.523 Thread 0x000001accf666e00 13514       1       java.util.logging.Logger::getUseParentHandlers (8 bytes)
Event: 6291.523 Thread 0x000001accf666e00 nmethod 13514 0x000001acc07c2b90 code [0x000001acc07c2d20, 0x000001acc07c2df8]
Event: 6291.632 Thread 0x000001accf666e00 13515       1       java.lang.StackTraceElement::length (13 bytes)
Event: 6291.633 Thread 0x000001accf666e00 nmethod 13515 0x000001acc07c2810 code [0x000001acc07c29a0, 0x000001acc07c2aa0]
Event: 6291.633 Thread 0x000001accf666e00 13516       1       java.lang.StackTraceElement::toString (298 bytes)

GC Heap History (20 events):
Event: 5248.832 GC heap after
{Heap after GC invocations=54 (full 9):
 garbage-first heap   total 151552K, used 44321K [0x0000000602000000, 0x0000000800000000)
  region size 4096K, 2 young (8192K), 2 survivors (8192K)
 Metaspace       used 90267K, committed 91328K, reserved 1179648K
  class space    used 11933K, committed 12480K, reserved 1048576K
}
Event: 5251.643 GC heap before
{Heap before GC invocations=55 (full 9):
 garbage-first heap   total 151552K, used 89377K [0x0000000602000000, 0x0000000800000000)
  region size 4096K, 14 young (57344K), 2 survivors (8192K)
 Metaspace       used 90312K, committed 91328K, reserved 1179648K
  class space    used 11938K, committed 12480K, reserved 1048576K
}
Event: 5251.717 GC heap after
{Heap after GC invocations=56 (full 10):
 garbage-first heap   total 151552K, used 38504K [0x0000000602000000, 0x0000000800000000)
  region size 4096K, 0 young (0K), 0 survivors (0K)
 Metaspace       used 90275K, committed 91328K, reserved 1179648K
  class space    used 11934K, committed 12480K, reserved 1048576K
}
Event: 5252.407 GC heap before
{Heap before GC invocations=56 (full 10):
 garbage-first heap   total 151552K, used 124520K [0x0000000602000000, 0x0000000800000000)
  region size 4096K, 21 young (86016K), 0 survivors (0K)
 Metaspace       used 90761K, committed 91840K, reserved 1179648K
  class space    used 11977K, committed 12544K, reserved 1048576K
}
Event: 5252.410 GC heap after
{Heap after GC invocations=57 (full 10):
 garbage-first heap   total 151552K, used 44777K [0x0000000602000000, 0x0000000800000000)
  region size 4096K, 2 young (8192K), 2 survivors (8192K)
 Metaspace       used 90761K, committed 91840K, reserved 1179648K
  class space    used 11977K, committed 12544K, reserved 1048576K
}
Event: 5734.656 GC heap before
{Heap before GC invocations=58 (full 10):
 garbage-first heap   total 151552K, used 122601K [0x0000000602000000, 0x0000000800000000)
  region size 4096K, 21 young (86016K), 2 survivors (8192K)
 Metaspace       used 91046K, committed 92096K, reserved 1179648K
  class space    used 12004K, committed 12544K, reserved 1048576K
}
Event: 5734.661 GC heap after
{Heap after GC invocations=59 (full 10):
 garbage-first heap   total 151552K, used 45669K [0x0000000602000000, 0x0000000800000000)
  region size 4096K, 2 young (8192K), 2 survivors (8192K)
 Metaspace       used 91046K, committed 92096K, reserved 1179648K
  class space    used 12004K, committed 12544K, reserved 1048576K
}
Event: 6009.328 GC heap before
{Heap before GC invocations=59 (full 10):
 garbage-first heap   total 151552K, used 62053K [0x0000000602000000, 0x0000000800000000)
  region size 4096K, 7 young (28672K), 2 survivors (8192K)
 Metaspace       used 91049K, committed 92096K, reserved 1179648K
  class space    used 12005K, committed 12544K, reserved 1048576K
}
Event: 6009.401 GC heap after
{Heap after GC invocations=60 (full 11):
 garbage-first heap   total 122880K, used 34877K [0x0000000602000000, 0x0000000800000000)
  region size 4096K, 0 young (0K), 0 survivors (0K)
 Metaspace       used 90926K, committed 92096K, reserved 1179648K
  class space    used 11980K, committed 12544K, reserved 1048576K
}
Event: 6010.224 GC heap before
{Heap before GC invocations=60 (full 11):
 garbage-first heap   total 122880K, used 104509K [0x0000000602000000, 0x0000000800000000)
  region size 4096K, 18 young (73728K), 0 survivors (0K)
 Metaspace       used 91434K, committed 92480K, reserved 1179648K
  class space    used 12057K, committed 12544K, reserved 1048576K
}
Event: 6010.229 GC heap after
{Heap after GC invocations=61 (full 11):
 garbage-first heap   total 122880K, used 42373K [0x0000000602000000, 0x0000000800000000)
  region size 4096K, 2 young (8192K), 2 survivors (8192K)
 Metaspace       used 91434K, committed 92480K, reserved 1179648K
  class space    used 12057K, committed 12544K, reserved 1048576K
}
Event: 6010.737 GC heap before
{Heap before GC invocations=62 (full 11):
 garbage-first heap   total 122880K, used 103813K [0x0000000602000000, 0x0000000800000000)
  region size 4096K, 17 young (69632K), 2 survivors (8192K)
 Metaspace       used 91816K, committed 92928K, reserved 1179648K
  class space    used 12122K, committed 12672K, reserved 1048576K
}
Event: 6010.742 GC heap after
{Heap after GC invocations=63 (full 11):
 garbage-first heap   total 122880K, used 47916K [0x0000000602000000, 0x0000000800000000)
  region size 4096K, 2 young (8192K), 2 survivors (8192K)
 Metaspace       used 91816K, committed 92928K, reserved 1179648K
  class space    used 12122K, committed 12672K, reserved 1048576K
}
Event: 6268.919 GC heap before
{Heap before GC invocations=63 (full 11):
 garbage-first heap   total 122880K, used 72492K [0x0000000602000000, 0x0000000800000000)
  region size 4096K, 9 young (36864K), 2 survivors (8192K)
 Metaspace       used 92155K, committed 93376K, reserved 1179648K
  class space    used 12154K, committed 12736K, reserved 1048576K
}
Event: 6268.998 GC heap after
{Heap after GC invocations=64 (full 12):
 garbage-first heap   total 122880K, used 39647K [0x0000000602000000, 0x0000000800000000)
  region size 4096K, 0 young (0K), 0 survivors (0K)
 Metaspace       used 91962K, committed 93376K, reserved 1179648K
  class space    used 12114K, committed 12736K, reserved 1048576K
}
Event: 6270.116 GC heap before
{Heap before GC invocations=64 (full 12):
 garbage-first heap   total 122880K, used 101087K [0x0000000602000000, 0x0000000800000000)
  region size 4096K, 15 young (61440K), 0 survivors (0K)
 Metaspace       used 92171K, committed 93376K, reserved 1179648K
  class space    used 12141K, committed 12736K, reserved 1048576K
}
Event: 6270.119 GC heap after
{Heap after GC invocations=65 (full 12):
 garbage-first heap   total 122880K, used 44699K [0x0000000602000000, 0x0000000800000000)
  region size 4096K, 2 young (8192K), 2 survivors (8192K)
 Metaspace       used 92171K, committed 93376K, reserved 1179648K
  class space    used 12141K, committed 12736K, reserved 1048576K
}
Event: 6270.613 GC heap before
{Heap before GC invocations=66 (full 12):
 garbage-first heap   total 122880K, used 97947K [0x0000000602000000, 0x0000000800000000)
  region size 4096K, 15 young (61440K), 2 survivors (8192K)
 Metaspace       used 92266K, committed 93568K, reserved 1179648K
  class space    used 12108K, committed 12736K, reserved 1048576K
}
Event: 6270.617 GC heap after
{Heap after GC invocations=67 (full 12):
 garbage-first heap   total 122880K, used 48151K [0x0000000602000000, 0x0000000800000000)
  region size 4096K, 2 young (8192K), 2 survivors (8192K)
 Metaspace       used 92266K, committed 93568K, reserved 1179648K
  class space    used 12108K, committed 12736K, reserved 1048576K
}
Event: 6291.633 GC heap before
{Heap before GC invocations=67 (full 12):
 garbage-first heap   total 122880K, used 64535K [0x0000000602000000, 0x0000000800000000)
  region size 4096K, 7 young (28672K), 2 survivors (8192K)
 Metaspace       used 92354K, committed 93632K, reserved 1179648K
  class space    used 12118K, committed 12736K, reserved 1048576K
}

Dll operation events (12 events):
Event: 0.033 Loaded shared library D:\workspace\ferramentas\sts-4.23.1.RELEASE\plugins\org.eclipse.justj.openjdk.hotspot.jre.full.win32.x86_64_21.0.3.v20240426-1530\jre\bin\java.dll
Event: 0.039 Loaded shared library D:\workspace\ferramentas\sts-4.23.1.RELEASE\plugins\org.eclipse.justj.openjdk.hotspot.jre.full.win32.x86_64_21.0.3.v20240426-1530\jre\bin\zip.dll
Event: 0.490 Loaded shared library D:\workspace\ferramentas\sts-4.23.1.RELEASE\plugins\org.eclipse.justj.openjdk.hotspot.jre.full.win32.x86_64_21.0.3.v20240426-1530\jre\bin\instrument.dll
Event: 0.500 Loaded shared library D:\workspace\ferramentas\sts-4.23.1.RELEASE\plugins\org.eclipse.justj.openjdk.hotspot.jre.full.win32.x86_64_21.0.3.v20240426-1530\jre\bin\net.dll
Event: 0.501 Loaded shared library D:\workspace\ferramentas\sts-4.23.1.RELEASE\plugins\org.eclipse.justj.openjdk.hotspot.jre.full.win32.x86_64_21.0.3.v20240426-1530\jre\bin\nio.dll
Event: 0.509 Loaded shared library D:\workspace\ferramentas\sts-4.23.1.RELEASE\plugins\org.eclipse.justj.openjdk.hotspot.jre.full.win32.x86_64_21.0.3.v20240426-1530\jre\bin\zip.dll
Event: 0.666 Loaded shared library D:\workspace\ferramentas\sts-4.23.1.RELEASE\plugins\org.eclipse.justj.openjdk.hotspot.jre.full.win32.x86_64_21.0.3.v20240426-1530\jre\bin\jimage.dll
Event: 0.714 Loaded shared library D:\workspace\ferramentas\sts-4.23.1.RELEASE\plugins\org.eclipse.justj.openjdk.hotspot.jre.full.win32.x86_64_21.0.3.v20240426-1530\jre\bin\management.dll
Event: 0.725 Loaded shared library D:\workspace\ferramentas\sts-4.23.1.RELEASE\plugins\org.eclipse.justj.openjdk.hotspot.jre.full.win32.x86_64_21.0.3.v20240426-1530\jre\bin\management_ext.dll
Event: 0.930 Loaded shared library D:\workspace\ferramentas\sts-4.23.1.RELEASE\plugins\org.eclipse.justj.openjdk.hotspot.jre.full.win32.x86_64_21.0.3.v20240426-1530\jre\bin\extnet.dll
Event: 0.961 Loaded shared library D:\workspace\ferramentas\sts-4.23.1.RELEASE\plugins\org.eclipse.justj.openjdk.hotspot.jre.full.win32.x86_64_21.0.3.v20240426-1530\jre\bin\verify.dll
Event: 1.958 Loaded shared library D:\workspace\ferramentas\sts-4.23.1.RELEASE\plugins\org.eclipse.justj.openjdk.hotspot.jre.full.win32.x86_64_21.0.3.v20240426-1530\jre\bin\sunmscapi.dll

Deoptimization events (20 events):
Event: 6291.632 Thread 0x000001acd527a7f0 DEOPT PACKING pc=0x000001acbfdf672c sp=0x0000005a6affc0a0
Event: 6291.632 Thread 0x000001acd527a7f0 DEOPT UNPACKING pc=0x000001acbf634e42 sp=0x0000005a6affb660 mode 1
Event: 6291.633 Thread 0x000001acd4e4c110 DEOPT PACKING pc=0x000001acbf82a6cc sp=0x0000005a6c7fed20
Event: 6291.633 Thread 0x000001acd4e4c110 DEOPT UNPACKING pc=0x000001acbf634e42 sp=0x0000005a6c7fe2c0 mode 1
Event: 6291.633 Thread 0x000001acd54d5210 DEOPT PACKING pc=0x000001acbf840db4 sp=0x0000005a6caff0d0
Event: 6291.633 Thread 0x000001acd4e4c110 DEOPT PACKING pc=0x000001acbf83054c sp=0x0000005a6c7fee90
Event: 6291.633 Thread 0x000001acd54d5210 DEOPT UNPACKING pc=0x000001acbf634e42 sp=0x0000005a6cafe5b8 mode 1
Event: 6291.633 Thread 0x000001acd4e4c110 DEOPT UNPACKING pc=0x000001acbf634e42 sp=0x0000005a6c7fe3e8 mode 1
Event: 6291.633 Thread 0x000001acd4e4c110 DEOPT PACKING pc=0x000001acbf82ff0c sp=0x0000005a6c7fefc0
Event: 6291.633 Thread 0x000001acd4e4c110 DEOPT UNPACKING pc=0x000001acbf634e42 sp=0x0000005a6c7fe450 mode 1
Event: 6291.633 Thread 0x000001acd4e4c110 DEOPT PACKING pc=0x000001acbf83389c sp=0x0000005a6c7feff0
Event: 6291.633 Thread 0x000001acd4e4c110 DEOPT UNPACKING pc=0x000001acbf634e42 sp=0x0000005a6c7fe4e8 mode 1
Event: 6291.633 Thread 0x000001acd4e4ad60 DEOPT PACKING pc=0x000001acbf82a6cc sp=0x0000005a6c6fed40
Event: 6291.633 Thread 0x000001acd4e4ad60 DEOPT UNPACKING pc=0x000001acbf634e42 sp=0x0000005a6c6fe2e0 mode 1
Event: 6291.633 Thread 0x000001acd4e4ad60 DEOPT PACKING pc=0x000001acbf83066c sp=0x0000005a6c6feeb0
Event: 6291.633 Thread 0x000001acd4e4ad60 DEOPT UNPACKING pc=0x000001acbf634e42 sp=0x0000005a6c6fe408 mode 1
Event: 6291.633 Thread 0x000001acd4e4ad60 DEOPT PACKING pc=0x000001acbf82ff0c sp=0x0000005a6c6fefe0
Event: 6291.633 Thread 0x000001acd4e4ad60 DEOPT UNPACKING pc=0x000001acbf634e42 sp=0x0000005a6c6fe470 mode 1
Event: 6291.633 Thread 0x000001acd4e4ad60 DEOPT PACKING pc=0x000001acbf83389c sp=0x0000005a6c6ff010
Event: 6291.633 Thread 0x000001acd4e4ad60 DEOPT UNPACKING pc=0x000001acbf634e42 sp=0x0000005a6c6fe508 mode 1

Classes loaded (20 events):
Event: 758.991 Loading class java/time/format/DateTimeFormatterBuilder$ZoneTextPrinterParser
Event: 758.991 Loading class java/time/format/DateTimeFormatterBuilder$ZoneTextPrinterParser done
Event: 758.991 Loading class java/time/format/DateTimeFormatterBuilder$ReducedPrinterParser
Event: 758.991 Loading class java/time/format/DateTimeFormatterBuilder$ReducedPrinterParser done
Event: 759.000 Loading class java/util/stream/LongStream
Event: 759.001 Loading class java/util/stream/LongStream done
Event: 759.001 Loading class java/util/stream/DoubleStream
Event: 759.001 Loading class java/util/stream/DoubleStream done
Event: 759.015 Loading class org/w3c/dom/Node
Event: 759.015 Loading class org/w3c/dom/Node done
Event: 759.015 Loading class org/w3c/dom/Document
Event: 759.015 Loading class org/w3c/dom/Document done
Event: 2145.299 Loading class java/io/PushbackInputStream
Event: 2145.299 Loading class java/io/PushbackInputStream done
Event: 2497.528 Loading class java/time/DurationEditor
Event: 2497.528 Loading class java/time/DurationEditor done
Event: 5057.773 Loading class java/time/DurationEditor
Event: 5057.773 Loading class java/time/DurationEditor done
Event: 6009.954 Loading class java/time/DurationEditor
Event: 6009.955 Loading class java/time/DurationEditor done

Classes unloaded (20 events):
Event: 6270.158 Thread 0x000001accf619c30 Unloading class 0x0000000800bb4000 'java/lang/invoke/LambdaForm$MH+0x0000000800bb4000'
Event: 6270.158 Thread 0x000001accf619c30 Unloading class 0x0000000800ac5400 'java/lang/invoke/LambdaForm$MH+0x0000000800ac5400'
Event: 6270.158 Thread 0x000001accf619c30 Unloading class 0x0000000800c0f800 'java/lang/invoke/LambdaForm$MH+0x0000000800c0f800'
Event: 6270.158 Thread 0x000001accf619c30 Unloading class 0x0000000800c19c00 'java/lang/invoke/LambdaForm$MH+0x0000000800c19c00'
Event: 6270.158 Thread 0x000001accf619c30 Unloading class 0x0000000800c0b800 'java/lang/invoke/LambdaForm$MH+0x0000000800c0b800'
Event: 6270.158 Thread 0x000001accf619c30 Unloading class 0x0000000800c09000 'java/lang/invoke/LambdaForm$MH+0x0000000800c09000'
Event: 6270.158 Thread 0x000001accf619c30 Unloading class 0x000000080048f400 'java/lang/invoke/LambdaForm$MH+0x000000080048f400'
Event: 6270.158 Thread 0x000001accf619c30 Unloading class 0x0000000800558400 'java/lang/invoke/LambdaForm$MH+0x0000000800558400'
Event: 6270.158 Thread 0x000001accf619c30 Unloading class 0x0000000800bb5c00 'java/lang/invoke/LambdaForm$MH+0x0000000800bb5c00'
Event: 6270.158 Thread 0x000001accf619c30 Unloading class 0x0000000800bcbc00 'java/lang/invoke/LambdaForm$MH+0x0000000800bcbc00'
Event: 6270.158 Thread 0x000001accf619c30 Unloading class 0x0000000800c31000 'java/lang/invoke/LambdaForm$MH+0x0000000800c31000'
Event: 6270.158 Thread 0x000001accf619c30 Unloading class 0x0000000800c34c00 'java/lang/invoke/LambdaForm$MH+0x0000000800c34c00'
Event: 6270.158 Thread 0x000001accf619c30 Unloading class 0x0000000800c32000 'java/lang/invoke/LambdaForm$MH+0x0000000800c32000'
Event: 6270.158 Thread 0x000001accf619c30 Unloading class 0x0000000800c22c00 'java/lang/invoke/LambdaForm$MH+0x0000000800c22c00'
Event: 6270.158 Thread 0x000001accf619c30 Unloading class 0x0000000800be8000 'java/lang/invoke/LambdaForm$MH+0x0000000800be8000'
Event: 6270.158 Thread 0x000001accf619c30 Unloading class 0x0000000800be8800 'java/lang/invoke/LambdaForm$MH+0x0000000800be8800'
Event: 6270.158 Thread 0x000001accf619c30 Unloading class 0x0000000800bfb800 'java/lang/invoke/LambdaForm$BMH+0x0000000800bfb800'
Event: 6270.158 Thread 0x000001accf619c30 Unloading class 0x0000000800c28000 'java/lang/invoke/LambdaForm$MH+0x0000000800c28000'
Event: 6270.158 Thread 0x000001accf619c30 Unloading class 0x0000000800c15c00 'java/lang/invoke/LambdaForm$MH+0x0000000800c15c00'
Event: 6270.158 Thread 0x000001accf619c30 Unloading class 0x0000000800bc9400 'java/lang/invoke/LambdaForm$MH+0x0000000800bc9400'

Classes redefined (12 events):
Event: 6267.404 Thread 0x000001accf619c30 redefined class name=br.com.studies.controllers.AuthenticationController, count=1
Event: 6267.404 Thread 0x000001accf619c30 redefined class name=br.com.studies.controllers.AuthenticationController, count=1
Event: 6267.404 Thread 0x000001accf619c30 redefined class name=br.com.studies.controllers.AuthenticationController, count=1
Event: 6267.404 Thread 0x000001accf619c30 redefined class name=br.com.studies.controllers.AuthenticationController, count=1
Event: 6267.404 Thread 0x000001accf619c30 redefined class name=br.com.studies.controllers.AuthenticationController, count=1
Event: 6267.404 Thread 0x000001accf619c30 redefined class name=br.com.studies.controllers.AuthenticationController, count=1
Event: 6267.404 Thread 0x000001accf619c30 redefined class name=br.com.studies.controllers.AuthenticationController, count=1
Event: 6267.404 Thread 0x000001accf619c30 redefined class name=br.com.studies.controllers.AuthenticationController, count=1
Event: 6267.405 Thread 0x000001accf619c30 redefined class name=br.com.studies.controllers.AuthenticationController, count=1
Event: 6267.405 Thread 0x000001accf619c30 redefined class name=br.com.studies.controllers.AuthenticationController, count=1
Event: 6267.405 Thread 0x000001accf619c30 redefined class name=br.com.studies.controllers.AuthenticationController, count=1
Event: 6267.405 Thread 0x000001accf619c30 redefined class name=br.com.studies.controllers.AuthenticationController, count=1

Internal exceptions (20 events):
Event: 6010.000 Thread 0x000001acd5278720 Exception <a 'java/lang/NoSuchMethodError'{0x0000000606b75608}: 'int java.lang.invoke.DelegatingMethodHandle$Holder.reinvoke_L(java.lang.Object, java.lang.Object, java.lang.Object, java.lang.Object)'> (0x0000000606b75608) 
thrown [s\src\hotspot\share\interpreter\linkResolver.cpp, line 773]
Event: 6010.012 Thread 0x000001acd5278720 Exception <a 'java/io/FileNotFoundException'{0x0000000606bda4e0}> (0x0000000606bda4e0) 
thrown [s\src\hotspot\share\prims\jni.cpp, line 520]
Event: 6010.053 Thread 0x000001acd5278720 Exception <a 'java/lang/NoSuchMethodError'{0x000000060673f970}: 'long java.lang.invoke.DelegatingMethodHandle$Holder.reinvoke_L(java.lang.Object, java.lang.Object)'> (0x000000060673f970) 
thrown [s\src\hotspot\share\interpreter\linkResolver.cpp, line 773]
Event: 6010.053 Thread 0x000001acd5278720 Exception <a 'java/lang/NoSuchMethodError'{0x00000006067464e0}: 'void java.lang.invoke.DelegatingMethodHandle$Holder.reinvoke_L(java.lang.Object, java.lang.Object, long)'> (0x00000006067464e0) 
thrown [s\src\hotspot\share\interpreter\linkResolver.cpp, line 773]
Event: 6010.293 Thread 0x000001acd5278720 Exception <a 'java/io/FileNotFoundException'{0x00000006090ffc08}> (0x00000006090ffc08) 
thrown [s\src\hotspot\share\prims\jni.cpp, line 520]
Event: 6010.757 Thread 0x000001acd5278db0 Exception <a 'java/lang/NoSuchMethodError'{0x00000006096b6040}: static [B.<clinit>()V> (0x00000006096b6040) 
thrown [s\src\hotspot\share\prims\jni.cpp, line 1111]
Event: 6015.136 Thread 0x000001acd54d3e60 Exception <a 'java/lang/IncompatibleClassChangeError'{0x000000060939b838}: Found class java.lang.Object, but interface was expected> (0x000000060939b838) 
thrown [s\src\hotspot\share\interpreter\linkResolver.cpp, line 840]
Event: 6268.918 Thread 0x000001acd54d3140 Exception <a 'java/lang/InterruptedException'{0x0000000607eb17a0}: sleep interrupted> (0x0000000607eb17a0) 
thrown [s\src\hotspot\share\prims\jvm.cpp, line 3074]
Event: 6269.009 Thread 0x000001acd4e4ba80 Exception <a 'sun/nio/fs/WindowsException'{0x000000060948d170}> (0x000000060948d170) 
thrown [s\src\hotspot\share\prims\jni.cpp, line 520]
Event: 6269.331 Thread 0x000001acd4e4ba80 Exception <a 'java/lang/NoClassDefFoundError'{0x00000006074cc548}: org/flywaydb/core/Flyway> (0x00000006074cc548) 
thrown [s\src\hotspot\share\oops\constantPool.cpp, line 873]
Event: 6269.873 Thread 0x000001acd4e4ba80 Exception <a 'java/lang/NoClassDefFoundError'{0x00000006074ccba8}: liquibase/integration/spring/SpringLiquibase> (0x00000006074ccba8) 
thrown [s\src\hotspot\share\oops\constantPool.cpp, line 873]
Event: 6269.880 Thread 0x000001acd4e4ba80 Exception <a 'java/lang/NoClassDefFoundError'{0x0000000607554a00}: org/jooq/DSLContext> (0x0000000607554a00) 
thrown [s\src\hotspot\share\oops\constantPool.cpp, line 873]
Event: 6269.881 Thread 0x000001acd4e4ba80 Exception <a 'java/lang/NoClassDefFoundError'{0x0000000607565320}: org/springframework/batch/core/repository/JobRepository> (0x0000000607565320) 
thrown [s\src\hotspot\share\oops\constantPool.cpp, line 873]
Event: 6269.883 Thread 0x000001acd4e4ba80 Exception <a 'java/lang/NoClassDefFoundError'{0x0000000607565978}: org/quartz/Scheduler> (0x0000000607565978) 
thrown [s\src\hotspot\share\oops\constantPool.cpp, line 873]
Event: 6269.884 Thread 0x000001acd4e4ba80 Exception <a 'java/lang/NoClassDefFoundError'{0x0000000607565ff8}: org/springframework/session/jdbc/JdbcIndexedSessionRepository> (0x0000000607565ff8) 
thrown [s\src\hotspot\share\oops\constantPool.cpp, line 873]
Event: 6269.965 Thread 0x000001acd4e4ba80 Exception <a 'java/io/FileNotFoundException'{0x000000060682ca48}> (0x000000060682ca48) 
thrown [s\src\hotspot\share\prims\jni.cpp, line 520]
Event: 6270.272 Thread 0x000001acd4e4ba80 Exception <a 'java/io/FileNotFoundException'{0x000000060892ac90}> (0x000000060892ac90) 
thrown [s\src\hotspot\share\prims\jni.cpp, line 520]
Event: 6270.306 Thread 0x000001acd4e4ba80 Exception <a 'java/lang/NoSuchMethodError'{0x00000006085030d8}: 'void java.lang.invoke.DelegatingMethodHandle$Holder.reinvoke_L(java.lang.Object, java.lang.Object, int)'> (0x00000006085030d8) 
thrown [s\src\hotspot\share\interpreter\linkResolver.cpp, line 773]
Event: 6270.730 Thread 0x000001acd5279ad0 Exception <a 'java/lang/NoSuchMethodError'{0x0000000608ac5318}: static [B.<clinit>()V> (0x0000000608ac5318) 
thrown [s\src\hotspot\share\prims\jni.cpp, line 1111]
Event: 6291.633 Thread 0x000001acd54d5210 Exception <a 'java/lang/InterruptedException'{0x0000000608603018}: sleep interrupted> (0x0000000608603018) 
thrown [s\src\hotspot\share\prims\jvm.cpp, line 3074]

ZGC Phase Switch (0 events):
No events

VM Operations (20 events):
Event: 6283.957 Executing VM operation: get/set locals done
Event: 6283.958 Executing VM operation: get/set locals
Event: 6283.958 Executing VM operation: get/set locals done
Event: 6283.959 Executing VM operation: get/set locals
Event: 6283.959 Executing VM operation: get/set locals done
Event: 6283.960 Executing VM operation: get/set locals
Event: 6283.960 Executing VM operation: get/set locals done
Event: 6283.961 Executing VM operation: get/set locals
Event: 6283.961 Executing VM operation: get/set locals done
Event: 6283.962 Executing VM operation: get/set locals
Event: 6283.962 Executing VM operation: get/set locals done
Event: 6283.963 Executing VM operation: get/set locals
Event: 6283.963 Executing VM operation: get/set locals done
Event: 6283.963 Executing VM operation: get/set locals
Event: 6283.963 Executing VM operation: get/set locals done
Event: 6284.395 Executing VM operation: get/set locals
Event: 6284.395 Executing VM operation: get/set locals done
Event: 6289.371 Executing VM operation: get/set locals
Event: 6289.371 Executing VM operation: get/set locals done
Event: 6291.633 Executing VM operation: G1CollectFull (System.gc())

Events (20 events):
Event: 6275.331 Thread 0x000001acd4e4b3f0 Thread exited: 0x000001acd4e4b3f0
Event: 6284.325 Thread 0x000001acd527a7f0 Thread added: 0x000001acd527a7f0
Event: 6284.325 Thread 0x000001acd54d8690 Thread exited: 0x000001acd54d8690
Event: 6284.329 Thread 0x000001acd54d7970 Thread exited: 0x000001acd54d7970
Event: 6284.330 Thread 0x000001acd54d6c50 Thread exited: 0x000001acd54d6c50
Event: 6284.331 Thread 0x000001acd54d65c0 Thread exited: 0x000001acd54d65c0
Event: 6284.331 Thread 0x000001acd54d58a0 Thread exited: 0x000001acd54d58a0
Event: 6284.331 Thread 0x000001acd54d3140 Thread exited: 0x000001acd54d3140
Event: 6284.331 Thread 0x000001acd54d3e60 Thread exited: 0x000001acd54d3e60
Event: 6284.331 Thread 0x000001acd54d5f30 Thread exited: 0x000001acd54d5f30
Event: 6284.331 Thread 0x000001acd54d8000 Thread exited: 0x000001acd54d8000
Event: 6284.331 Thread 0x000001acd54d37d0 Thread exited: 0x000001acd54d37d0
Event: 6284.331 Thread 0x000001acd54d1d90 Thread exited: 0x000001acd54d1d90
Event: 6284.331 Thread 0x000001acd54d4b80 Thread exited: 0x000001acd54d4b80
Event: 6289.336 Thread 0x000001acd5278720 Thread added: 0x000001acd5278720
Event: 6289.336 Thread 0x000001acd4e4db50 Thread exited: 0x000001acd4e4db50
Event: 6289.341 Thread 0x000001acd5278720 Thread exited: 0x000001acd5278720
Event: 6291.633 Thread 0x000001acd54d5210 Thread exited: 0x000001acd54d5210
Event: 6291.633 Thread 0x000001acd4e4c110 Thread exited: 0x000001acd4e4c110
Event: 6291.633 Thread 0x000001acd4e4ad60 Thread exited: 0x000001acd4e4ad60


Dynamic libraries:
0x00007ff6ec290000 - 0x00007ff6ec29e000 	D:\workspace\ferramentas\sts-4.23.1.RELEASE\plugins\org.eclipse.justj.openjdk.hotspot.jre.full.win32.x86_64_21.0.3.v20240426-1530\jre\bin\javaw.exe
0x00007ffdbd800000 - 0x00007ffdbda09000 	C:\WINDOWS\SYSTEM32\ntdll.dll
0x00007ffd7ad00000 - 0x00007ffd7ad1a000 	C:\Program Files\Avast Software\Avast\aswhook.dll
0x00007ffdbc820000 - 0x00007ffdbc8dd000 	C:\WINDOWS\System32\KERNEL32.DLL
0x00007ffdbb100000 - 0x00007ffdbb484000 	C:\WINDOWS\System32\KERNELBASE.dll
0x00007ffdbb500000 - 0x00007ffdbb611000 	C:\WINDOWS\System32\ucrtbase.dll
0x00007ffdb5a50000 - 0x00007ffdb5a68000 	D:\workspace\ferramentas\sts-4.23.1.RELEASE\plugins\org.eclipse.justj.openjdk.hotspot.jre.full.win32.x86_64_21.0.3.v20240426-1530\jre\bin\jli.dll
0x00007ffd92fe0000 - 0x00007ffd92ffb000 	D:\workspace\ferramentas\sts-4.23.1.RELEASE\plugins\org.eclipse.justj.openjdk.hotspot.jre.full.win32.x86_64_21.0.3.v20240426-1530\jre\bin\VCRUNTIME140.dll
0x00007ffdbb770000 - 0x00007ffdbb91d000 	C:\WINDOWS\System32\USER32.dll
0x00007ffdbb620000 - 0x00007ffdbb646000 	C:\WINDOWS\System32\win32u.dll
0x00007ffda40a0000 - 0x00007ffda4345000 	C:\WINDOWS\WinSxS\amd64_microsoft.windows.common-controls_6595b64144ccf1df_6.0.22000.120_none_9d947278b86cc467\COMCTL32.dll
0x00007ffdbca40000 - 0x00007ffdbca6a000 	C:\WINDOWS\System32\GDI32.dll
0x00007ffdbd710000 - 0x00007ffdbd7b3000 	C:\WINDOWS\System32\msvcrt.dll
0x00007ffdbad30000 - 0x00007ffdbae4e000 	C:\WINDOWS\System32\gdi32full.dll
0x00007ffdbac90000 - 0x00007ffdbad2d000 	C:\WINDOWS\System32\msvcp_win.dll
0x00007ffdbd080000 - 0x00007ffdbd0b1000 	C:\WINDOWS\System32\IMM32.DLL
0x00007ffd93570000 - 0x00007ffd9357c000 	D:\workspace\ferramentas\sts-4.23.1.RELEASE\plugins\org.eclipse.justj.openjdk.hotspot.jre.full.win32.x86_64_21.0.3.v20240426-1530\jre\bin\vcruntime140_1.dll
0x00007ffd921f0000 - 0x00007ffd9227e000 	D:\workspace\ferramentas\sts-4.23.1.RELEASE\plugins\org.eclipse.justj.openjdk.hotspot.jre.full.win32.x86_64_21.0.3.v20240426-1530\jre\bin\msvcp140.dll
0x00007ffcdf4e0000 - 0x00007ffce0262000 	D:\workspace\ferramentas\sts-4.23.1.RELEASE\plugins\org.eclipse.justj.openjdk.hotspot.jre.full.win32.x86_64_21.0.3.v20240426-1530\jre\bin\server\jvm.dll
0x00007ffdbc8e0000 - 0x00007ffdbc98e000 	C:\WINDOWS\System32\ADVAPI32.dll
0x00007ffdbbbf0000 - 0x00007ffdbbc8e000 	C:\WINDOWS\System32\sechost.dll
0x00007ffdbc4e0000 - 0x00007ffdbc601000 	C:\WINDOWS\System32\RPCRT4.dll
0x00007ffdbbca0000 - 0x00007ffdbbd0f000 	C:\WINDOWS\System32\WS2_32.dll
0x00007ffdb98b0000 - 0x00007ffdb98fd000 	C:\WINDOWS\SYSTEM32\POWRPROF.dll
0x00007ffdb46b0000 - 0x00007ffdb46e3000 	C:\WINDOWS\SYSTEM32\WINMM.dll
0x00007ffdb2c00000 - 0x00007ffdb2c0a000 	C:\WINDOWS\SYSTEM32\VERSION.dll
0x00007ffdb9850000 - 0x00007ffdb9863000 	C:\WINDOWS\SYSTEM32\UMPDC.dll
0x00007ffdb9db0000 - 0x00007ffdb9dc8000 	C:\WINDOWS\SYSTEM32\kernel.appcore.dll
0x00007ffdb6d30000 - 0x00007ffdb6d3a000 	D:\workspace\ferramentas\sts-4.23.1.RELEASE\plugins\org.eclipse.justj.openjdk.hotspot.jre.full.win32.x86_64_21.0.3.v20240426-1530\jre\bin\jimage.dll
0x00007ffdb8640000 - 0x00007ffdb8861000 	C:\WINDOWS\SYSTEM32\DBGHELP.DLL
0x00007ffdb0740000 - 0x00007ffdb0771000 	C:\WINDOWS\SYSTEM32\dbgcore.DLL
0x00007ffdbae50000 - 0x00007ffdbaecf000 	C:\WINDOWS\System32\bcryptPrimitives.dll
0x00007ffd956d0000 - 0x00007ffd9570c000 	D:\workspace\ferramentas\sts-4.23.1.RELEASE\plugins\org.eclipse.justj.openjdk.hotspot.jre.full.win32.x86_64_21.0.3.v20240426-1530\jre\bin\jdwp.dll
0x00007ffdb5a70000 - 0x00007ffdb5a7f000 	D:\workspace\ferramentas\sts-4.23.1.RELEASE\plugins\org.eclipse.justj.openjdk.hotspot.jre.full.win32.x86_64_21.0.3.v20240426-1530\jre\bin\instrument.dll
0x00007ffd94e50000 - 0x00007ffd94e6f000 	D:\workspace\ferramentas\sts-4.23.1.RELEASE\plugins\org.eclipse.justj.openjdk.hotspot.jre.full.win32.x86_64_21.0.3.v20240426-1530\jre\bin\java.dll
0x00007ffd94e30000 - 0x00007ffd94e48000 	D:\workspace\ferramentas\sts-4.23.1.RELEASE\plugins\org.eclipse.justj.openjdk.hotspot.jre.full.win32.x86_64_21.0.3.v20240426-1530\jre\bin\zip.dll
0x00007ffdbbd10000 - 0x00007ffdbc4d5000 	C:\WINDOWS\System32\SHELL32.dll
0x00007ffdb8d20000 - 0x00007ffdb9582000 	C:\WINDOWS\SYSTEM32\windows.storage.dll
0x00007ffdbd390000 - 0x00007ffdbd706000 	C:\WINDOWS\System32\combase.dll
0x00007ffdb8bb0000 - 0x00007ffdb8d17000 	C:\WINDOWS\SYSTEM32\wintypes.dll
0x00007ffdbba80000 - 0x00007ffdbbb6a000 	C:\WINDOWS\System32\SHCORE.dll
0x00007ffdbbb70000 - 0x00007ffdbbbcd000 	C:\WINDOWS\System32\shlwapi.dll
0x00007ffdbabc0000 - 0x00007ffdbabe5000 	C:\WINDOWS\SYSTEM32\profapi.dll
0x00007ffdacc50000 - 0x00007ffdacc5b000 	D:\workspace\ferramentas\sts-4.23.1.RELEASE\plugins\org.eclipse.justj.openjdk.hotspot.jre.full.win32.x86_64_21.0.3.v20240426-1530\jre\bin\dt_socket.dll
0x00007ffdb9880000 - 0x00007ffdb98ad000 	C:\WINDOWS\SYSTEM32\IPHLPAPI.DLL
0x00007ffdba250000 - 0x00007ffdba2b7000 	C:\WINDOWS\system32\mswsock.dll
0x00007ffdb9900000 - 0x00007ffdb99e7000 	C:\WINDOWS\SYSTEM32\DNSAPI.dll
0x00007ffdbb990000 - 0x00007ffdbb999000 	C:\WINDOWS\System32\NSI.dll
0x00007ffdb0af0000 - 0x00007ffdb0afa000 	C:\Windows\System32\rasadhlp.dll
0x00007ffdb2630000 - 0x00007ffdb26b1000 	C:\WINDOWS\System32\fwpuclnt.dll
0x00007ffdb12f0000 - 0x00007ffdb1300000 	D:\workspace\ferramentas\sts-4.23.1.RELEASE\plugins\org.eclipse.justj.openjdk.hotspot.jre.full.win32.x86_64_21.0.3.v20240426-1530\jre\bin\net.dll
0x00007ffdb4560000 - 0x00007ffdb4674000 	C:\WINDOWS\SYSTEM32\WINHTTP.dll
0x00007ffd93b80000 - 0x00007ffd93b96000 	D:\workspace\ferramentas\sts-4.23.1.RELEASE\plugins\org.eclipse.justj.openjdk.hotspot.jre.full.win32.x86_64_21.0.3.v20240426-1530\jre\bin\nio.dll
0x00007ffd92fd0000 - 0x00007ffd92fda000 	D:\workspace\ferramentas\sts-4.23.1.RELEASE\plugins\org.eclipse.justj.openjdk.hotspot.jre.full.win32.x86_64_21.0.3.v20240426-1530\jre\bin\management.dll
0x00007ffd92fc0000 - 0x00007ffd92fcb000 	D:\workspace\ferramentas\sts-4.23.1.RELEASE\plugins\org.eclipse.justj.openjdk.hotspot.jre.full.win32.x86_64_21.0.3.v20240426-1530\jre\bin\management_ext.dll
0x00007ffdbbc90000 - 0x00007ffdbbc98000 	C:\WINDOWS\System32\PSAPI.DLL
0x00007ffd92100000 - 0x00007ffd92117000 	C:\WINDOWS\system32\napinsp.dll
0x00007ffd92b40000 - 0x00007ffd92b5b000 	C:\WINDOWS\system32\pnrpnsp.dll
0x00007ffd92b60000 - 0x00007ffd92b72000 	C:\WINDOWS\System32\winrnr.dll
0x00007ffdb2e40000 - 0x00007ffdb2e55000 	C:\WINDOWS\system32\wshbth.dll
0x00007ffda45c0000 - 0x00007ffda45df000 	C:\WINDOWS\system32\nlansp_c.dll
0x00007ffdba470000 - 0x00007ffdba488000 	C:\WINDOWS\SYSTEM32\CRYPTSP.dll
0x00007ffdb9d10000 - 0x00007ffdb9d45000 	C:\WINDOWS\system32\rsaenh.dll
0x00007ffdba300000 - 0x00007ffdba32c000 	C:\WINDOWS\SYSTEM32\USERENV.dll
0x00007ffdba660000 - 0x00007ffdba687000 	C:\WINDOWS\SYSTEM32\bcrypt.dll
0x00007ffdba490000 - 0x00007ffdba49c000 	C:\WINDOWS\SYSTEM32\CRYPTBASE.dll
0x00007ffd92fb0000 - 0x00007ffd92fb9000 	D:\workspace\ferramentas\sts-4.23.1.RELEASE\plugins\org.eclipse.justj.openjdk.hotspot.jre.full.win32.x86_64_21.0.3.v20240426-1530\jre\bin\extnet.dll
0x00007ffd94850000 - 0x00007ffd94860000 	D:\workspace\ferramentas\sts-4.23.1.RELEASE\plugins\org.eclipse.justj.openjdk.hotspot.jre.full.win32.x86_64_21.0.3.v20240426-1530\jre\bin\verify.dll
0x00007ffd93620000 - 0x00007ffd9362e000 	D:\workspace\ferramentas\sts-4.23.1.RELEASE\plugins\org.eclipse.justj.openjdk.hotspot.jre.full.win32.x86_64_21.0.3.v20240426-1530\jre\bin\sunmscapi.dll
0x00007ffdbaf90000 - 0x00007ffdbb0f2000 	C:\WINDOWS\System32\CRYPT32.dll
0x00007ffdba630000 - 0x00007ffdba658000 	C:\WINDOWS\SYSTEM32\ncrypt.dll
0x00007ffdba5f0000 - 0x00007ffdba627000 	C:\WINDOWS\SYSTEM32\NTASN1.dll
0x00007ffd6fac0000 - 0x00007ffd6fac8000 	C:\WINDOWS\system32\wshunix.dll

dbghelp: loaded successfully - version: 4.0.5 - missing functions: none
symbol engine: initialized successfully - sym options: 0x614 - pdb path: .;D:\workspace\ferramentas\sts-4.23.1.RELEASE\plugins\org.eclipse.justj.openjdk.hotspot.jre.full.win32.x86_64_21.0.3.v20240426-1530\jre\bin;C:\WINDOWS\SYSTEM32;C:\Program Files\Avast Software\Avast;C:\WINDOWS\WinSxS\amd64_microsoft.windows.common-controls_6595b64144ccf1df_6.0.22000.120_none_9d947278b86cc467;D:\workspace\ferramentas\sts-4.23.1.RELEASE\plugins\org.eclipse.justj.openjdk.hotspot.jre.full.win32.x86_64_21.0.3.v20240426-1530\jre\bin\server

VM Arguments:
jvm_args: -XX:+ShowCodeDetailsInExceptionMessages -agentlib:jdwp=transport=dt_socket,suspend=y,address=localhost:57207 -Dcom.sun.management.jmxremote -Dcom.sun.management.jmxremote.port=57206 -Dcom.sun.management.jmxremote.authenticate=false -Dcom.sun.management.jmxremote.ssl=false -Djava.rmi.server.hostname=localhost -Dspring.jmx.enabled=true -Dmanagement.endpoints.jmx.exposure.include=* -Dspring.application.admin.enabled=true -XX:TieredStopAtLevel=1 -Dspring.boot.project.name=poc-authentication-services -javaagent:D:\workspace\ferramentas\sts-4.23.1.RELEASE\configuration\org.eclipse.osgi\270\0\.cp\lib\javaagent-shaded.jar -Dfile.encoding=UTF-8 -Dstdout.encoding=UTF-8 -Dstderr.encoding=UTF-8 
java_command: br.com.studies.PocAuthenticationServicesApplication --spring.output.ansi.enabled=always
java_class_path (initial): D:\workspace\ws-sts\poc-authentication-services\target\classes;C:\Users\edute\.m2\repository\org\springframework\boot\spring-boot-starter-data-jpa\3.3.2\spring-boot-starter-data-jpa-3.3.2.jar;C:\Users\edute\.m2\repository\org\springframework\boot\spring-boot-starter-aop\3.3.2\spring-boot-starter-aop-3.3.2.jar;C:\Users\edute\.m2\repository\org\aspectj\aspectjweaver\1.9.22.1\aspectjweaver-1.9.22.1.jar;C:\Users\edute\.m2\repository\org\springframework\boot\spring-boot-starter-jdbc\3.3.2\spring-boot-starter-jdbc-3.3.2.jar;C:\Users\edute\.m2\repository\com\zaxxer\HikariCP\5.1.0\HikariCP-5.1.0.jar;C:\Users\edute\.m2\repository\org\springframework\spring-jdbc\6.1.11\spring-jdbc-6.1.11.jar;C:\Users\edute\.m2\repository\org\hibernate\orm\hibernate-core\6.5.2.Final\hibernate-core-6.5.2.Final.jar;C:\Users\edute\.m2\repository\jakarta\persistence\jakarta.persistence-api\3.1.0\jakarta.persistence-api-3.1.0.jar;C:\Users\edute\.m2\repository\jakarta\transaction\jakarta.transaction-api\2.0.1\jakarta.transaction-api-2.0.1.jar;C:\Users\edute\.m2\repository\org\jboss\logging\jboss-logging\3.5.3.Final\jboss-logging-3.5.3.Final.jar;C:\Users\edute\.m2\repository\org\hibernate\common\hibernate-commons-annotations\6.0.6.Final\hibernate-commons-annotations-6.0.6.Final.jar;C:\Users\edute\.m2\repository\io\smallrye\jandex\3.1.2\jandex-3.1.2.jar;C:\Users\edute\.m2\repository\net\bytebuddy\byte-buddy\1.14.18\byte-buddy-1.14.18.jar;C:\Users\edute\.m2\repository\org\glassfish\jaxb\jaxb-runtime\4.0.5\jaxb-runtime-4.0.5.jar;C:\Users\edute\.m2\repository\org\glassfish\jaxb\jaxb-core\4.0.5\jaxb-core-4.0.5.jar;C:\Users\edute\.m2\repository\org\eclipse\angus\angus-activation\2.0.2\angus-activation-2.0.2.jar;C:\Users\edute\.m2\repository\org\glassfish\jaxb\txw2\4.0.5\txw2-4.0.5.jar;C:\Users\edute\.m2\repository\com\sun\istack\istack-commons-runtime\4.1.2\istack-commons-runtime-4.1.2.jar;C:\Users\edute\.m2\repository\jakarta\inject\jakarta.inject-api\2.0.1\jakarta.inject-api-2.0.1.jar;C:\Users\edute\.m2\repository\org\antlr\antlr4-runtime\4.13.0\antlr4-runtime-4.13.0.jar;C:\Users\edute\.m2\repository\org\springframework\data\spring-data-jpa\3.3.2\spring-data-jpa-3.3.2.jar;C:\Users\edute\.m2\repository\org\springframework\data\spring-data-commons\3.3.2\spring-data-commons-3.3.2.jar;C:\Users\edute\.m2\repository\org\springframework\spring-orm\6.1.11\spring-orm-6.1.11.jar;C:\Users\edute\.m2\repository\org\springframework\spring-context\6.1.11\spring-context-6.1.11.jar;C:\Users\edute\.m2\repository\org\springframework\spring-tx\6.1.11\spring-tx-6.1.11.jar;C:\Users\edute\.m2\repository\org\springframework\spring-beans\6.1.11\spring-beans-6.1.11.jar;C:\Users\edute\.m2\repository\jakarta\annotation\jakarta.annotation-api\2.1.1\jakarta.annotation-api-2.1.1.jar;C:\Users\edute\.m2\repository\org\springframework\spring-aspects\6.1.11\spring-aspects-6.1.11.jar;C:\Users\edute\.m2\repository\org\springframework\boot\spring-boot-starter-data-rest\3.3.2\spring-boot-starter-data-rest-3.3.2.jar;C:\Users\edute\.m2\repository\org\springframework\data\spring-data-rest-webmvc\4.3.2\spring-data-rest-webmvc-4.3.2.jar;C:\Users\edute\.m2\repository\org\springframework\data\spring-data-rest-core\4.3.2\spring-data-rest-core-4.3.2.jar;C:\Users\edute\.m2\repository\org\springframework\hateoas\spring-hateoas\2.3.1\spring-hateoas-2.3.1.jar;C:\Users\edute\.m2\repository\org\atteo\evo-inflector\1.3\evo-inflector-1.3.jar;C:\Users\edute\.m2\repository\com\fasterxml\jackson\core\jackson-annotations\2.17.2\jackson-annotations-2.17.2.jar;C:\Users\edute\.m2\repository\org\springframework\boot\spring-boot-starter-security\3.3.2\spring-boot-starter-security-3.3.2.jar;C:\Users\edute\.m2\repository\org\springframework\boot\spring-boot-starter\3.3.2\spring-boot-starter-3.3.2.jar;C:\Users\edute\.m2\repository\org\springframework\boot\spring-boot-starter-logging\3.3.2\spring-boot-starter-logging-3.3.2.jar;C:\Users\edute\.m2\repository\ch\qos\logback\logback-classic\1.5.6\logback-classic-1.5.6.jar;C:\Users\edute\.m2\repository\ch\qos\logback\logback-core\1.5.6\logback-core-1.5.6.jar;C:\Users\edute\.m2\repository\org\apache\logging\log4j\log4j-to-slf4j\2.23.1\log4j-to-slf4j-2.23.1.jar;C:\Users\edute\.m2\repository\org\apache\logging\log4j\log4j-api\2.23.1\log4j-api-2.23.1.jar;C:\Users\edute\.m2\repository\org\slf4j\jul-to-slf4j\2.0.13\jul-to-slf4j-2.0.13.jar;C:\Users\edute\.m2\repository\org\yaml\snakeyaml\2.2\snakeyaml-2.2.jar;C:\Users\edute\.m2\repository\org\springframework\spring-aop\6.1.11\spring-aop-6.1.11.jar;C:\Users\edute\.m2\repository\org\springframework\security\spring-security-config\6.3.1\spring-security-config-6.3.1.jar;C:\Users\edute\.m2\repository\org\springframework\security\spring-security-web\6.3.1\spring-security-web-6.3.1.jar;C:\Users\edute\.m2\repository\org\springframework\spring-expression\6.1.11\spring-expression-6.1.11.jar;C:\Users\edute\.m2\repository\org\springframework\boot\spring-boot-starter-web\3.3.2\spring-boot-starter-web-3.3.2.jar;C:\Users\edute\.m2\repository\org\springframework\boot\spring-boot-starter-json\3.3.2\spring-boot-starter-json-3.3.2.jar;C:\Users\edute\.m2\repository\com\fasterxml\jackson\datatype\jackson-datatype-jdk8\2.17.2\jackson-datatype-jdk8-2.17.2.jar;C:\Users\edute\.m2\repository\com\fasterxml\jackson\datatype\jackson-datatype-jsr310\2.17.2\jackson-datatype-jsr310-2.17.2.jar;C:\Users\edute\.m2\repository\com\fasterxml\jackson\module\jackson-module-parameter-names\2.17.2\jackson-module-parameter-names-2.17.2.jar;C:\Users\edute\.m2\repository\org\springframework\boot\spring-boot-starter-tomcat\3.3.2\spring-boot-starter-tomcat-3.3.2.jar;C:\Users\edute\.m2\repository\org\apache\tomcat\embed\tomcat-embed-core\10.1.26\tomcat-embed-core-10.1.26.jar;C:\Users\edute\.m2\repository\org\apache\tomcat\embed\tomcat-embed-el\10.1.26\tomcat-embed-el-10.1.26.jar;C:\Users\edute\.m2\repository\org\apache\tomcat\embed\tomcat-embed-websocket\10.1.26\tomcat-embed-websocket-10.1.26.jar;C:\Users\edute\.m2\repository\org\springframework\spring-web\6.1.11\spring-web-6.1.11.jar;C:\Users\edute\.m2\repository\io\micrometer\micrometer-observation\1.13.2\micrometer-observation-1.13.2.jar;C:\Users\edute\.m2\repository\io\micrometer\micrometer-commons\1.13.2\micrometer-commons-1.13.2.jar;C:\Users\edute\.m2\repository\org\springframework\spring-webmvc\6.1.11\spring-webmvc-6.1.11.jar;C:\Users\edute\.m2\repository\org\springframework\boot\spring-boot-devtools\3.3.2\spring-boot-devtools-3.3.2.jar;C:\Users\edute\.m2\repository\org\springframework\boot\spring-boot\3.3.2\spring-boot-3.3.2.jar;C:\Users\edute\.m2\repository\org\springframework\boot\spring-boot-autoconfigure\3.3.2\spring-boot-autoconfigure-3.3.2.jar;C:\Users\edute\.m2\repository\org\mariadb\jdbc\mariadb-java-client\3.3.3\mariadb-java-client-3.3.3.jar;C:\Users\edute\.m2\repository\com\github\waffle\waffle-jna\3.3.0\waffle-jna-3.3.0.jar;C:\Users\edute\.m2\repository\net\java\dev\jna\jna\5.13.0\jna-5.13.0.jar;C:\Users\edute\.m2\repository\net\java\dev\jna\jna-platform\5.13.0\jna-platform-5.13.0.jar;C:\Users\edute\.m2\repository\org\slf4j\jcl-over-slf4j\2.0.13\jcl-over-slf4j-2.0.13.jar;C:\Users\edute\.m2\repository\com\github\ben-manes\caffeine\caffeine\3.1.8\caffeine-3.1.8.jar;C:\Users\edute\.m2\repository\com\google\errorprone\error_prone_annotations\2.21.1\error_prone_annotations-2.21.1.jar;C:\Users\edute\.m2\repository\org\checkerframework\checker-qual\3.32.0\checker-qual-3.32.0.jar;C:\Users\edute\.m2\repository\com\jayway\jsonpath\json-path\2.9.0\json-path-2.9.0.jar;C:\Users\edute\.m2\repository\jakarta\xml\bind\jakarta.xml.bind-api\4.0.2\jakarta.xml.bind-api-4.0.2.jar;C:\Users\edute\.m2\repository\jakarta\activation\jakarta.activation-api\2.1.3\jakarta.activation-api-2.1.3.jar;C:\Users\edute\.m2\repository\net\minidev\json-smart\2.5.1\json-smart-2.5.1.jar;C:\Users\edute\.m2\repository\net\minidev\accessors-smart\2.5.1\accessors-smart-2.5.1.jar;C:\Users\edute\.m2\repository\org\ow2\asm\asm\9.6\asm-9.6.jar;C:\Users\edute\.m2\repository\org\springframework\spring-core\6.1.11\spring-core-6.1.11.jar;C:\Users\edute\.m2\repository\org\springframework\spring-jcl\6.1.11\spring-jcl-6.1.11.jar;C:\Users\edute\.m2\repository\org\springframework\security\spring-security-core\6.3.1\spring-security-core-6.3.1.jar;C:\Users\edute\.m2\repository\org\springframework\security\spring-security-crypto\6.3.1\spring-security-crypto-6.3.1.jar;C:\Users\edute\.m2\repository\io\springfox\springfox-boot-starter\3.0.0\springfox-boot-starter-3.0.0.jar;C:\Users\edute\.m2\repository\io\springfox\springfox-oas\3.0.0\springfox-oas-3.0.0.jar;C:\Users\edute\.m2\repository\io\swagger\core\v3\swagger-annotations\2.1.2\swagger-annotations-2.1.2.jar;C:\Users\edute\.m2\repository\io\swagger\core\v3\swagger-models\2.1.2\swagger-models-2.1.2.jar;C:\Users\edute\.m2\repository\io\springfox\springfox-spi\3.0.0\springfox-spi-3.0.0.jar;C:\Users\edute\.m2\repository\io\springfox\springfox-schema\3.0.0\springfox-schema-3.0.0.jar;C:\Users\edute\.m2\repository\io\springfox\springfox-core\3.0.0\springfox-core-3.0.0.jar;C:\Users\edute\.m2\repository\io\springfox\springfox-spring-web\3.0.0\springfox-spring-web-3.0.0.jar;C:\Users\edute\.m2\repository\io\github\classgraph\classgraph\4.8.83\classgraph-4.8.83.jar;C:\Users\edute\.m2\repository\io\springfox\springfox-spring-webmvc\3.0.0\springfox-spring-webmvc-3.0.0.jar;C:\Users\edute\.m2\repository\io\springfox\springfox-spring-webflux\3.0.0\springfox-spring-webflux-3.0.0.jar;C:\Users\edute\.m2\repository\io\springfox\springfox-swagger-common\3.0.0\springfox-swagger-common-3.0.0.jar;C:\Users\edute\.m2\repository\org\mapstruct\mapstruct\1.3.1.Final\mapstruct-1.3.1.Final.jar;C:\Users\edute\.m2\repository\io\springfox\springfox-data-rest\3.0.0\springfox-data-rest-3.0.0.jar;C:\Users\edute\.m2\repository\io\springfox\springfox-bean-validators\3.0.0\springfox-bean-validators-3.0.0.jar;C:\Users\edute\.m2\repository\io\springfox\springfox-swagger2\3.0.0\springfox-swagger2-3.0.0.jar;C:\Users\edute\.m2\repository\io\swagger\swagger-annotations\1.5.20\swagger-annotations-1.5.20.jar;C:\Users\edute\.m2\repository\io\swagger\swagger-models\1.5.20\swagger-models-1.5.20.jar;C:\Users\edute\.m2\repository\io\springfox\springfox-swagger-ui\3.0.0\springfox-swagger-ui-3.0.0.jar;C:\Users\edute\.m2\repository\com\fasterxml\classmate\1.7.0\classmate-1.7.0.jar;C:\Users\edute\.m2\repository\org\slf4j\slf4j-api\2.0.13\slf4j-api-2.0.13.jar;C:\Users\edute\.m2\repository\org\springframework\plugin\spring-plugin-core\2.0.0.RELEASE\spring-plugin-core-2.0.0.RELEASE.jar;C:\Users\edute\.m2\repository\org\springframework\plugin\spring-plugin-metadata\2.0.0.RELEASE\spring-plugin-metadata-2.0.0.RELEASE.jar;C:\Users\edute\.m2\repository\org\projectlombok\lombok\1.18.30\lombok-1.18.30.jar;C:\Users\edute\.m2\repository\io\jsonwebtoken\jjwt-api\0.11.5\jjwt-api-0.11.5.jar;C:\Users\edute\.m2\repository\io\jsonwebtoken\jjwt-impl\0.11.5\jjwt-impl-0.11.5.jar;C:\Users\edute\.m2\repository\io\jsonwebtoken\jjwt-jackson\0.11.5\jjwt-jackson-0.11.5.jar;C:\Users\edute\.m2\repository\com\fasterxml\jackson\core\jackson-databind\2.17.2\jackson-databind-2.17.2.jar;C:\Users\edute\.m2\repository\com\fasterxml\jackson\core\jackson-core\2.17.2\jackson-core-2.17.2.jar
Launcher Type: SUN_STANDARD

[Global flags]
     intx CICompilerCount                          = 4                                         {product} {ergonomic}
     uint ConcGCThreads                            = 3                                         {product} {ergonomic}
     uint G1ConcRefinementThreads                  = 10                                        {product} {ergonomic}
   size_t G1HeapRegionSize                         = 4194304                                   {product} {ergonomic}
    uintx GCDrainStackTargetSize                   = 64                                        {product} {ergonomic}
   size_t InitialHeapSize                          = 536870912                                 {product} {ergonomic}
     bool ManagementServer                         = true                                      {product} {command line}
   size_t MarkStackSize                            = 4194304                                   {product} {ergonomic}
   size_t MaxHeapSize                              = 8556380160                                {product} {ergonomic}
   size_t MaxNewSize                               = 5133828096                                {product} {ergonomic}
   size_t MinHeapDeltaBytes                        = 4194304                                   {product} {ergonomic}
   size_t MinHeapSize                              = 8388608                                   {product} {ergonomic}
    uintx NonNMethodCodeHeapSize                   = 4096                                   {pd product} {ergonomic}
    uintx NonProfiledCodeHeapSize                  = 0                                      {pd product} {ergonomic}
     bool ProfileInterpreter                       = false                                  {pd product} {command line}
    uintx ProfiledCodeHeapSize                     = 0                                      {pd product} {ergonomic}
     bool ShowCodeDetailsInExceptionMessages       = true                                   {manageable} {command line}
   size_t SoftMaxHeapSize                          = 8556380160                             {manageable} {ergonomic}
     intx TieredStopAtLevel                        = 1                                         {product} {command line}
     bool UseCompressedOops                        = true                           {product lp64_product} {ergonomic}
     bool UseG1GC                                  = true                                      {product} {ergonomic}
     bool UseLargePagesIndividualAllocation        = false                                  {pd product} {ergonomic}

Logging:
Log output configuration:
 #0: stdout all=warning uptime,level,tags foldmultilines=false
 #1: stderr all=off uptime,level,tags foldmultilines=false

Environment Variables:
PATH=D:\workspace\ferramentas\sts-4.23.1.RELEASE\plugins\org.eclipse.justj.openjdk.hotspot.jre.full.win32.x86_64_21.0.3.v20240426-1530\jre\bin;D:/workspace/ferramentas/sts-4.23.1.RELEASE//plugins/org.eclipse.justj.openjdk.hotspot.jre.full.win32.x86_64_21.0.3.v20240426-1530/jre/bin/server;D:/workspace/ferramentas/sts-4.23.1.RELEASE//plugins/org.eclipse.justj.openjdk.hotspot.jre.full.win32.x86_64_21.0.3.v20240426-1530/jre/bin;C:\Python312\Scripts\;C:\Python312\;C:\Program Files\Common Files\Oracle\Java\javapath;C:\WINDOWS\system32;C:\WINDOWS;C:\WINDOWS\System32\Wbem;C:\WINDOWS\System32\WindowsPowerShell\v1.0\;C:\WINDOWS\System32\OpenSSH\;C:\Program Files\dotnet\;C:\Users\edute\AppData\Roaming\nvm;C:\Program Files\nodejs;C:\Program Files\NVIDIA Corporation\NVIDIA NvDLISR;C:\Program Files (x86)\NVIDIA Corporation\PhysX\Common;C:\Program Files\GitHub CLI\;%MAVEN_HOME%\bin;C:\Program Files\TortoiseGit\bin;C:\Program Files\Git\cmd;C:\ProgramData\chocolatey\bin;C:\Program Files\Docker\Docker\resources\bin;C:\Users\edute\AppData\Local\Microsoft\WindowsApps;C:\Users\edute\AppData\Local\GitHubDesktop\bin;C:\Program Files\JetBrains\IntelliJ IDEA 2024.1.3\bin;;C:\Users\edute\AppData\Local\Programs\Microsoft VS Code\bin;C:\Users\edute\AppData\Roaming\nvm;C:\Program Files\nodejs;D:\workspace\ferramentas\apache-maven-3.8.3\bin;;C:\Program Files\JetBrains\IntelliJ IDEA Community Edition 2024.1.5\bin;;D:\workspace\ferramentas\sts-4.23.1.RELEASE;
USERNAME=edute
OS=Windows_NT
PROCESSOR_IDENTIFIER=Intel64 Family 6 Model 158 Stepping 10, GenuineIntel
TMP=C:\Users\edute\AppData\Local\Temp
TEMP=C:\Users\edute\AppData\Local\Temp




Periodic native trim disabled

---------------  S Y S T E M  ---------------

OS:
 Windows 11 , 64 bit Build 22000 (10.0.22000.2538)
OS uptime: 0 days 6:08 hours
Hyper-V role detected

CPU: total 12 (initial active 12) (6 cores per cpu, 2 threads per core) family 6 model 158 stepping 10 microcode 0xf0, cx8, cmov, fxsr, ht, mmx, 3dnowpref, sse, sse2, sse3, ssse3, sse4.1, sse4.2, popcnt, lzcnt, tsc, tscinvbit, avx, avx2, aes, erms, clmul, bmi1, bmi2, adx, fma, vzeroupper, clflush, clflushopt, hv, rdtscp, f16c
Processor Information for all 12 processors :
  Max Mhz: 2208, Current Mhz: 2208, Mhz Limit: 2208

Memory: 4k page, system-wide physical 32626M (16326M free)
TotalPageFile size 37490M (AvailPageFile size 14967M)
current process WorkingSet (physical memory assigned to process): 317M, peak: 458M
current process commit charge ("private bytes"): 373M, peak: 631M

vm_info: OpenJDK 64-Bit Server VM (21.0.3+9-LTS) for windows-amd64 JRE (21.0.3+9-LTS), built on 2024-04-16T00:00:00Z by "admin" with MS VC++ 17.7 (VS2022)

END.
